# Bake Begins!
### (1 of 6) Copy sources
$ cp -a /home/travis/build/fontdirectory/monda/METADATA.json /home/travis/build/fontdirectory/monda/builds/build
$ cp -a /home/travis/build/fontdirectory/monda/DESCRIPTION.en_us.html /home/travis/build/fontdirectory/monda/builds/build
$ cp -a /home/travis/build/fontdirectory/monda/FONTLOG.txt /home/travis/build/fontdirectory/monda/builds/build
$ cp -a src/Monda-Regular.ufo src/Monda-Bold.ufo Monda-Regular.ttf.ttx Monda-Bold.ttf.ttx src/Monda-Regular.otf.ttx src/Monda-Regular-unhinted.ttf.ttx src/Monda-Bold-unhinted.ttf.ttx src/Monda-Bold.otf.ttx src/Monda-Regular-TTF.sfd src/Monda-Bold.sfd src/Monda-Regular.sfd src/Monda-Bold-TTF.sfd src/Monda-Regular.otf._h_e_a_d.ttx src/Monda-Regular.otf.G_D_E_F_.ttx src/Monda-Regular.otf._h_h_e_a.ttx src/Monda-Regular.otf.GlyphOrder.ttx src/Monda-Regular.otf._p_o_s_t.ttx src/Monda-Regular.otf.C_F_F_.ttx src/Monda-Regular.otf.O_S_2f_2.ttx src/Monda-Regular.otf._h_m_t_x.ttx src/Monda-Regular.otf.G_S_U_B_.ttx src/Monda-Regular.otf._n_a_m_e.ttx src/Monda-Regular.otf.ttx src/Monda-Regular.otf.G_P_O_S_.ttx src/Monda-Regular.otf.F_F_T_M_.ttx src/Monda-Regular.otf._m_a_x_p.ttx src/Monda-Regular.otf._c_m_a_p.ttx src/Monda-Bold.otf.GlyphOrder.ttx src/Monda-Bold.otf._h_e_a_d.ttx src/Monda-Bold.otf._h_m_t_x.ttx src/Monda-Bold.otf._m_a_x_p.ttx src/Monda-Bold.otf.C_F_F_.ttx src/Monda-Bold.otf.G_S_U_B_.ttx src/Monda-Bold.otf.G_P_O_S_.ttx src/Monda-Bold.otf.F_F_T_M_.ttx src/Monda-Bold.otf.G_D_E_F_.ttx src/Monda-Bold.otf._c_m_a_p.ttx src/Monda-Bold.otf._n_a_m_e.ttx src/Monda-Bold.otf._p_o_s_t.ttx src/Monda-Bold.otf.ttx src/Monda-Bold.otf.O_S_2f_2.ttx src/Monda-Bold.otf._h_h_e_a.ttx Monda-Regular.ttf._n_a_m_e.ttx Monda-Regular.ttf._g_l_y_f.ttx Monda-Regular.ttf.G_S_U_B_.ttx Monda-Regular.ttf._h_m_t_x.ttx Monda-Regular.ttf._h_h_e_a.ttx Monda-Regular.ttf._g_a_s_p.ttx Monda-Regular.ttf.O_S_2f_2.ttx Monda-Regular.ttf._f_p_g_m.ttx Monda-Regular.ttf.G_D_E_F_.ttx Monda-Regular.ttf.G_P_O_S_.ttx Monda-Regular.ttf.F_F_T_M_.ttx Monda-Regular.ttf._h_e_a_d.ttx Monda-Regular.ttf._p_r_e_p.ttx Monda-Regular.ttf._c_m_a_p.ttx Monda-Regular.ttf.GlyphOrder.ttx Monda-Regular.ttf._l_o_c_a.ttx Monda-Regular.ttf._c_v_t.ttx Monda-Regular.ttf._p_o_s_t.ttx Monda-Regular.ttf._m_a_x_p.ttx Monda-Bold.ttf._p_o_s_t.ttx Monda-Bold.ttf._p_r_e_p.ttx Monda-Bold.ttf.G_S_U_B_.ttx Monda-Bold.ttf.GlyphOrder.ttx Monda-Bold.ttf._f_p_g_m.ttx Monda-Bold.ttf._h_e_a_d.ttx Monda-Bold.ttf.F_F_T_M_.ttx Monda-Bold.ttf._h_m_t_x.ttx Monda-Bold.ttf._h_h_e_a.ttx Monda-Bold.ttf._c_m_a_p.ttx Monda-Bold.ttf._g_l_y_f.ttx Monda-Bold.ttf._g_a_s_p.ttx Monda-Bold.ttf.G_D_E_F_.ttx Monda-Bold.ttf.G_P_O_S_.ttx Monda-Bold.ttf._l_o_c_a.ttx Monda-Bold.ttf._n_a_m_e.ttx Monda-Bold.ttf._c_v_t.ttx Monda-Bold.ttf._m_a_x_p.ttx Monda-Bold.ttf.O_S_2f_2.ttx src/Monda-Regular.otf._h_e_a_d.ttx src/Monda-Regular.otf.G_D_E_F_.ttx src/Monda-Regular.otf._h_h_e_a.ttx src/Monda-Regular.otf.GlyphOrder.ttx src/Monda-Regular.otf._p_o_s_t.ttx src/Monda-Regular.otf.C_F_F_.ttx src/Monda-Regular.otf.O_S_2f_2.ttx src/Monda-Regular.otf._h_m_t_x.ttx src/Monda-Regular.otf.G_S_U_B_.ttx src/Monda-Regular.otf._n_a_m_e.ttx src/Monda-Regular.otf.G_P_O_S_.ttx src/Monda-Regular.otf.F_F_T_M_.ttx src/Monda-Regular.otf._m_a_x_p.ttx src/Monda-Regular.otf._c_m_a_p.ttx src/Monda-Regular-unhinted.ttf._h_m_t_x.ttx src/Monda-Regular-unhinted.ttf._h_h_e_a.ttx src/Monda-Regular-unhinted.ttf.G_P_O_S_.ttx src/Monda-Regular-unhinted.ttf._h_e_a_d.ttx src/Monda-Regular-unhinted.ttf.G_D_E_F_.ttx src/Monda-Regular-unhinted.ttf._c_v_t.ttx src/Monda-Regular-unhinted.ttf._g_a_s_p.ttx src/Monda-Regular-unhinted.ttf._n_a_m_e.ttx src/Monda-Regular-unhinted.ttf.O_S_2f_2.ttx src/Monda-Regular-unhinted.ttf._l_o_c_a.ttx src/Monda-Regular-unhinted.ttf._c_m_a_p.ttx src/Monda-Regular-unhinted.ttf.F_F_T_M_.ttx src/Monda-Regular-unhinted.ttf._p_o_s_t.ttx src/Monda-Regular-unhinted.ttf.GlyphOrder.ttx src/Monda-Regular-unhinted.ttf._m_a_x_p.ttx src/Monda-Regular-unhinted.ttf._g_l_y_f.ttx src/Monda-Regular-unhinted.ttf.G_S_U_B_.ttx src/Monda-Bold-unhinted.ttf._c_m_a_p.ttx src/Monda-Bold-unhinted.ttf._m_a_x_p.ttx src/Monda-Bold-unhinted.ttf._g_l_y_f.ttx src/Monda-Bold-unhinted.ttf.G_P_O_S_.ttx src/Monda-Bold-unhinted.ttf.O_S_2f_2.ttx src/Monda-Bold-unhinted.ttf.G_D_E_F_.ttx src/Monda-Bold-unhinted.ttf.F_F_T_M_.ttx src/Monda-Bold-unhinted.ttf.GlyphOrder.ttx src/Monda-Bold-unhinted.ttf._p_o_s_t.ttx src/Monda-Bold-unhinted.ttf._l_o_c_a.ttx src/Monda-Bold-unhinted.ttf._g_a_s_p.ttx src/Monda-Bold-unhinted.ttf._h_h_e_a.ttx src/Monda-Bold-unhinted.ttf._h_e_a_d.ttx src/Monda-Bold-unhinted.ttf._c_v_t.ttx src/Monda-Bold-unhinted.ttf._n_a_m_e.ttx src/Monda-Bold-unhinted.ttf.G_S_U_B_.ttx src/Monda-Bold-unhinted.ttf._h_m_t_x.ttx src/Monda-Bold.otf.GlyphOrder.ttx src/Monda-Bold.otf._h_e_a_d.ttx src/Monda-Bold.otf._h_m_t_x.ttx src/Monda-Bold.otf._m_a_x_p.ttx src/Monda-Bold.otf.C_F_F_.ttx src/Monda-Bold.otf.G_S_U_B_.ttx src/Monda-Bold.otf.G_P_O_S_.ttx src/Monda-Bold.otf.F_F_T_M_.ttx src/Monda-Bold.otf.G_D_E_F_.ttx src/Monda-Bold.otf._c_m_a_p.ttx src/Monda-Bold.otf._n_a_m_e.ttx src/Monda-Bold.otf._p_o_s_t.ttx src/Monda-Bold.otf.O_S_2f_2.ttx src/Monda-Bold.otf._h_h_e_a.ttx src/Monda-Bold.otf.GlyphOrder.ttx src/Monda-Bold.otf._h_e_a_d.ttx src/Monda-Bold.otf._h_m_t_x.ttx src/Monda-Bold.otf._m_a_x_p.ttx src/Monda-Bold.otf.C_F_F_.ttx src/Monda-Bold.otf.G_S_U_B_.ttx src/Monda-Bold.otf.G_P_O_S_.ttx src/Monda-Bold.otf.F_F_T_M_.ttx src/Monda-Bold.otf.G_D_E_F_.ttx src/Monda-Bold.otf._c_m_a_p.ttx src/Monda-Bold.otf._n_a_m_e.ttx src/Monda-Bold.otf._p_o_s_t.ttx src/Monda-Bold.otf.ttx src/Monda-Bold.otf.O_S_2f_2.ttx src/Monda-Bold.otf._h_h_e_a.ttx src/Monda-Regular.otf._h_e_a_d.ttx src/Monda-Regular.otf.G_D_E_F_.ttx src/Monda-Regular.otf._h_h_e_a.ttx src/Monda-Regular.otf.GlyphOrder.ttx src/Monda-Regular.otf._p_o_s_t.ttx src/Monda-Regular.otf.C_F_F_.ttx src/Monda-Regular.otf.O_S_2f_2.ttx src/Monda-Regular.otf._h_m_t_x.ttx src/Monda-Regular.otf.G_S_U_B_.ttx src/Monda-Regular.otf._n_a_m_e.ttx src/Monda-Regular.otf.ttx src/Monda-Regular.otf.G_P_O_S_.ttx src/Monda-Regular.otf.F_F_T_M_.ttx src/Monda-Regular.otf._m_a_x_p.ttx src/Monda-Regular.otf._c_m_a_p.ttx /home/travis/build/fontdirectory/monda/builds/build/sources
### (2 of 6) pyfontaine
### (3 of 6) Run upstream tests
$ fontbakery-check.py upstream-repo sources
$ fontaine --collections subsets --text /home/travis/build/fontdirectory/monda/builds/build/sources/Monda-Regular.ufo /home/travis/build/fontdirectory/monda/builds/build/sources/Monda-Bold.ufo /home/travis/build/fontdirectory/monda/builds/build/sources/Monda-Regular.ttf.ttx /home/travis/build/fontdirectory/monda/builds/build/sources/Monda-Bold.ttf.ttx /home/travis/build/fontdirectory/monda/builds/build/sources/Monda-Regular.otf.ttx /home/travis/build/fontdirectory/monda/builds/build/sources/Monda-Regular-unhinted.ttf.ttx /home/travis/build/fontdirectory/monda/builds/build/sources/Monda-Bold-unhinted.ttf.ttx /home/travis/build/fontdirectory/monda/builds/build/sources/Monda-Bold.otf.ttx /home/travis/build/fontdirectory/monda/builds/build/sources/Monda-Regular-TTF.sfd /home/travis/build/fontdirectory/monda/builds/build/sources/Monda-Bold.sfd /home/travis/build/fontdirectory/monda/builds/build/sources/Monda-Regular.sfd /home/travis/build/fontdirectory/monda/builds/build/sources/Monda-Bold-TTF.sfd > fontaine.txt
WARNING: Please install [PyICU](https://pypi.python.org/pypi/PyICU) toenable [feature], perhaps with: pip install pyicu
bakery_lint.tests.upstream.test_prepolation.FontTestPrepolation.test_font_prepolation_glyph_contours(): FAIL
bakery_lint.tests.upstream.test_prepolation.FontTestPrepolation.test_font_prepolation_glyph_points(): FAIL
pyfontaine error: Not a TrueType or OpenType font (bad sfntVersion)
pyfontaine process has been failed
bakery_lint.tests.upstream.test_prepolation.FontTestPrepolation.test_font_test_prepolation_glyph_names(): OK
bakery_lint.tests.upstream.test_check_upstream_sources.ProjectUpstreamTestCase.test_bakery_yaml_exists(): OK
bakery_lint.tests.upstream.test_check_upstream_sources.ProjectUpstreamTestCase.test_copyright_notices_same_across_family(): OK
bakery_lint.tests.upstream.test_check_upstream_sources.ProjectUpstreamTestCase.test_description_html_exists(): OK
bakery_lint.tests.upstream.test_check_upstream_sources.ProjectUpstreamTestCase.test_fontlog_txt_exists(): OK
bakery_lint.tests.upstream.test_check_upstream_sources.ProjectUpstreamTestCase.test_metadata_json_exists(): OK
bakery_lint.tests.upstream.test_diacritic.TestDiacritic.test_diacritic_made_as_component(): FAIL
bakery_lint.tests.upstream.test_diacritic.TestDiacritic.test_diacritic_made_as_mark_to_mark(): FAIL
bakery_lint.tests.upstream.test_diacritic.TestDiacritic.test_diacritic_made_as_own_glyphs(): FAIL
$ fontbakery-check.py upstream Monda-Regular.ufo
bakery_lint.tests.upstream.test_check_ufo_requirements.UfoOpenTest.test_has_rupee(): ERROR
bakery_lint.tests.upstream.test_check_ufo_requirements.UfoOpenTest.test_is_A(): OK
bakery_lint.tests.upstream.test_check_ufo_requirements.UfoOpenTest.test_is_A_a_glyph_instance(): OK
bakery_lint.tests.upstream.test_check_ufo_requirements.UfoOpenTest.test_is_ended_ufo(): OK
bakery_lint.tests.upstream.test_check_ufo_requirements.UfoOpenTest.test_is_folder(): OK
bakery_lint.tests.upstream.test_check_ufo_requirements.UfoOpenTest.test_is_fsType_eq_1(): FAIL
bakery_lint.tests.upstream.test_check_ufo_requirements.UfoOpenTest.test_it_exists(): OK
bakery_lint.tests.upstream.test_contour_count.TestContourCount.test_contour_count(): ERROR
bakery_lint.tests.upstream.test_check_ufo_fontfamily_recommendations.TestUFOFontFamilyNamingTest.test_familyname_less_than_32_chars(): OK
bakery_lint.tests.upstream.test_check_ufo_fontfamily_recommendations.TestUFOFontFamilyNamingTest.test_fullfontname_less_than_64_chars(): OK
bakery_lint.tests.upstream.test_check_ufo_fontfamily_recommendations.TestUFOFontFamilyNamingTest.test_postscriptname_consistof_allowed_chars(): OK
bakery_lint.tests.upstream.test_check_ufo_fontfamily_recommendations.TestUFOFontFamilyNamingTest.test_postscriptname_less_than_30_chars(): OK
bakery_lint.tests.upstream.test_check_ufo_fontfamily_recommendations.TestUFOFontFamilyNamingTest.test_stylename_less_than_32_chars(): OK
bakery_lint.tests.upstream.test_check_ufo_fontfamily_recommendations.TestUFOFontFamilyNamingTest.test_weight_value_range_between_250_and_900(): OK
bakery_lint.tests.upstream.test_unicode_value_should_appear_only_once_per_font.UnicodeValueShouldAppearOnlyOnce.testUnicodeValue(): FAIL
bakery_lint.tests.upstream.test_font_filename_eq_familystyle.TestTTFSourceFontFileNameEqualsFamilyStyle.test_source_ttf_font_filename_equals_familystyle(): ERROR
$ fontbakery-check.py upstream Monda-Bold.ufo
bakery_lint.tests.upstream.test_check_ufo_requirements.UfoOpenTest.test_has_rupee(): ERROR
bakery_lint.tests.upstream.test_check_ufo_requirements.UfoOpenTest.test_is_A(): OK
bakery_lint.tests.upstream.test_check_ufo_requirements.UfoOpenTest.test_is_A_a_glyph_instance(): OK
bakery_lint.tests.upstream.test_check_ufo_requirements.UfoOpenTest.test_is_ended_ufo(): OK
bakery_lint.tests.upstream.test_check_ufo_requirements.UfoOpenTest.test_is_folder(): OK
bakery_lint.tests.upstream.test_check_ufo_requirements.UfoOpenTest.test_is_fsType_eq_1(): FAIL
bakery_lint.tests.upstream.test_check_ufo_requirements.UfoOpenTest.test_it_exists(): OK
bakery_lint.tests.upstream.test_contour_count.TestContourCount.test_contour_count(): ERROR
bakery_lint.tests.upstream.test_check_ufo_fontfamily_recommendations.TestUFOFontFamilyNamingTest.test_familyname_less_than_32_chars(): OK
bakery_lint.tests.upstream.test_check_ufo_fontfamily_recommendations.TestUFOFontFamilyNamingTest.test_fullfontname_less_than_64_chars(): OK
bakery_lint.tests.upstream.test_check_ufo_fontfamily_recommendations.TestUFOFontFamilyNamingTest.test_postscriptname_consistof_allowed_chars(): ERROR
bakery_lint.tests.upstream.test_check_ufo_fontfamily_recommendations.TestUFOFontFamilyNamingTest.test_postscriptname_less_than_30_chars(): ERROR
bakery_lint.tests.upstream.test_check_ufo_fontfamily_recommendations.TestUFOFontFamilyNamingTest.test_stylename_less_than_32_chars(): FAIL
bakery_lint.tests.upstream.test_check_ufo_fontfamily_recommendations.TestUFOFontFamilyNamingTest.test_weight_value_range_between_250_and_900(): OK
bakery_lint.tests.upstream.test_unicode_value_should_appear_only_once_per_font.UnicodeValueShouldAppearOnlyOnce.testUnicodeValue(): FAIL
bakery_lint.tests.upstream.test_font_filename_eq_familystyle.TestTTFSourceFontFileNameEqualsFamilyStyle.test_source_ttf_font_filename_equals_familystyle(): ERROR
$ fontbakery-check.py upstream-ttx Monda-Regular.ttf.ttx
bakery_lint.tests.upstream.test_check_ttx_fontfamily_recommendations.TTX_FontFamilyNamingTest.test_ttx_family_naming_recommendation(): OK
bakery_lint.tests.upstream.test_glyphname_does_not_contain_disallowed_chars.TestGlyphNameDoesNotContainsDisallowedChars.test_glyphname_does_not_contain_disallowed_chars(): OK
bakery_lint.tests.upstream.test_check_ttx_requirements.SourceTTXTest.test_epar_in_keys(): FAIL
bakery_lint.tests.upstream.test_check_ttx_requirements.SourceTTXTest.test_os2_in_keys(): OK
bakery_lint.tests.upstream.test_check_ttx_requirements.SourceTTXTest.test_ttx_doesnt_contain_duplicate_glyphs(): OK
bakery_lint.tests.upstream.test_font_filename_eq_familystyle.TestTTFSourceFontFileNameEqualsFamilyStyle.test_source_ttf_font_filename_equals_familystyle(): FAIL
$ mv /home/travis/build/fontdirectory/monda/builds/build/sources/Monda-Regular.ttf.ttx /home/travis/build/fontdirectory/monda/builds/build/sources/Monda-Regular.ttx
bakery_lint.tests.upstream.test_font_filename_eq_familystyle.TestTTFSourceFontFileNameEqualsFamilyStyle.test_source_ttf_font_filename_equals_familystyle(): OK
$ fontbakery-check.py upstream-ttx Monda-Bold.ttf.ttx
bakery_lint.tests.upstream.test_check_ttx_fontfamily_recommendations.TTX_FontFamilyNamingTest.test_ttx_family_naming_recommendation(): OK
bakery_lint.tests.upstream.test_glyphname_does_not_contain_disallowed_chars.TestGlyphNameDoesNotContainsDisallowedChars.test_glyphname_does_not_contain_disallowed_chars(): OK
bakery_lint.tests.upstream.test_check_ttx_requirements.SourceTTXTest.test_epar_in_keys(): FAIL
bakery_lint.tests.upstream.test_check_ttx_requirements.SourceTTXTest.test_os2_in_keys(): OK
bakery_lint.tests.upstream.test_check_ttx_requirements.SourceTTXTest.test_ttx_doesnt_contain_duplicate_glyphs(): OK
bakery_lint.tests.upstream.test_font_filename_eq_familystyle.TestTTFSourceFontFileNameEqualsFamilyStyle.test_source_ttf_font_filename_equals_familystyle(): FAIL
$ mv /home/travis/build/fontdirectory/monda/builds/build/sources/Monda-Bold.ttf.ttx /home/travis/build/fontdirectory/monda/builds/build/sources/Monda-Regular.ttx
bakery_lint.tests.upstream.test_font_filename_eq_familystyle.TestTTFSourceFontFileNameEqualsFamilyStyle.test_source_ttf_font_filename_equals_familystyle(): OK
$ fontbakery-check.py upstream-ttx Monda-Regular.otf.ttx
bakery_lint.tests.upstream.test_check_ttx_fontfamily_recommendations.TTX_FontFamilyNamingTest.test_ttx_family_naming_recommendation(): OK
bakery_lint.tests.upstream.test_glyphname_does_not_contain_disallowed_chars.TestGlyphNameDoesNotContainsDisallowedChars.test_glyphname_does_not_contain_disallowed_chars(): OK
bakery_lint.tests.upstream.test_check_ttx_requirements.SourceTTXTest.test_epar_in_keys(): FAIL
bakery_lint.tests.upstream.test_check_ttx_requirements.SourceTTXTest.test_os2_in_keys(): OK
bakery_lint.tests.upstream.test_check_ttx_requirements.SourceTTXTest.test_ttx_doesnt_contain_duplicate_glyphs(): OK
bakery_lint.tests.upstream.test_font_filename_eq_familystyle.TestTTFSourceFontFileNameEqualsFamilyStyle.test_source_ttf_font_filename_equals_familystyle(): FAIL
$ mv /home/travis/build/fontdirectory/monda/builds/build/sources/Monda-Regular.otf.ttx /home/travis/build/fontdirectory/monda/builds/build/sources/Monda-Regular.ttx
bakery_lint.tests.upstream.test_font_filename_eq_familystyle.TestTTFSourceFontFileNameEqualsFamilyStyle.test_source_ttf_font_filename_equals_familystyle(): OK
$ fontbakery-check.py upstream-ttx Monda-Regular-unhinted.ttf.ttx
bakery_lint.tests.upstream.test_check_ttx_fontfamily_recommendations.TTX_FontFamilyNamingTest.test_ttx_family_naming_recommendation(): OK
bakery_lint.tests.upstream.test_glyphname_does_not_contain_disallowed_chars.TestGlyphNameDoesNotContainsDisallowedChars.test_glyphname_does_not_contain_disallowed_chars(): OK
bakery_lint.tests.upstream.test_check_ttx_requirements.SourceTTXTest.test_epar_in_keys(): FAIL
bakery_lint.tests.upstream.test_check_ttx_requirements.SourceTTXTest.test_os2_in_keys(): OK
bakery_lint.tests.upstream.test_check_ttx_requirements.SourceTTXTest.test_ttx_doesnt_contain_duplicate_glyphs(): OK
bakery_lint.tests.upstream.test_font_filename_eq_familystyle.TestTTFSourceFontFileNameEqualsFamilyStyle.test_source_ttf_font_filename_equals_familystyle(): FAIL
$ mv /home/travis/build/fontdirectory/monda/builds/build/sources/Monda-Regular-unhinted.ttf.ttx /home/travis/build/fontdirectory/monda/builds/build/sources/Monda-Regular.ttx
bakery_lint.tests.upstream.test_font_filename_eq_familystyle.TestTTFSourceFontFileNameEqualsFamilyStyle.test_source_ttf_font_filename_equals_familystyle(): OK
$ fontbakery-check.py upstream-ttx Monda-Bold-unhinted.ttf.ttx
bakery_lint.tests.upstream.test_check_ttx_fontfamily_recommendations.TTX_FontFamilyNamingTest.test_ttx_family_naming_recommendation(): OK
bakery_lint.tests.upstream.test_glyphname_does_not_contain_disallowed_chars.TestGlyphNameDoesNotContainsDisallowedChars.test_glyphname_does_not_contain_disallowed_chars(): OK
bakery_lint.tests.upstream.test_check_ttx_requirements.SourceTTXTest.test_epar_in_keys(): FAIL
bakery_lint.tests.upstream.test_check_ttx_requirements.SourceTTXTest.test_os2_in_keys(): OK
bakery_lint.tests.upstream.test_check_ttx_requirements.SourceTTXTest.test_ttx_doesnt_contain_duplicate_glyphs(): OK
bakery_lint.tests.upstream.test_font_filename_eq_familystyle.TestTTFSourceFontFileNameEqualsFamilyStyle.test_source_ttf_font_filename_equals_familystyle(): FAIL
$ mv /home/travis/build/fontdirectory/monda/builds/build/sources/Monda-Bold-unhinted.ttf.ttx /home/travis/build/fontdirectory/monda/builds/build/sources/MondaBold-Regular.ttx
bakery_lint.tests.upstream.test_font_filename_eq_familystyle.TestTTFSourceFontFileNameEqualsFamilyStyle.test_source_ttf_font_filename_equals_familystyle(): OK
$ fontbakery-check.py upstream-ttx Monda-Bold.otf.ttx
bakery_lint.tests.upstream.test_check_ttx_fontfamily_recommendations.TTX_FontFamilyNamingTest.test_ttx_family_naming_recommendation(): OK
bakery_lint.tests.upstream.test_glyphname_does_not_contain_disallowed_chars.TestGlyphNameDoesNotContainsDisallowedChars.test_glyphname_does_not_contain_disallowed_chars(): OK
bakery_lint.tests.upstream.test_check_ttx_requirements.SourceTTXTest.test_epar_in_keys(): FAIL
bakery_lint.tests.upstream.test_check_ttx_requirements.SourceTTXTest.test_os2_in_keys(): OK
bakery_lint.tests.upstream.test_check_ttx_requirements.SourceTTXTest.test_ttx_doesnt_contain_duplicate_glyphs(): OK
bakery_lint.tests.upstream.test_font_filename_eq_familystyle.TestTTFSourceFontFileNameEqualsFamilyStyle.test_source_ttf_font_filename_equals_familystyle(): FAIL
$ mv /home/travis/build/fontdirectory/monda/builds/build/sources/Monda-Bold.otf.ttx /home/travis/build/fontdirectory/monda/builds/build/sources/MondaBold-Regular.ttx
bakery_lint.tests.upstream.test_font_filename_eq_familystyle.TestTTFSourceFontFileNameEqualsFamilyStyle.test_source_ttf_font_filename_equals_familystyle(): OK
$ fontbakery-check.py upstream Monda-Regular-TTF.sfd
bakery_lint.tests.upstream.test_check_ufo_requirements.UfoOpenTest.test_has_rupee(): ERROR
bakery_lint.tests.upstream.test_check_ufo_requirements.UfoOpenTest.test_is_A(): ERROR
bakery_lint.tests.upstream.test_check_ufo_requirements.UfoOpenTest.test_is_A_a_glyph_instance(): ERROR
bakery_lint.tests.upstream.test_check_ufo_requirements.UfoOpenTest.test_is_ended_ufo(): ERROR
bakery_lint.tests.upstream.test_check_ufo_requirements.UfoOpenTest.test_is_folder(): ERROR
bakery_lint.tests.upstream.test_check_ufo_requirements.UfoOpenTest.test_is_fsType_eq_1(): ERROR
bakery_lint.tests.upstream.test_check_ufo_requirements.UfoOpenTest.test_it_exists(): ERROR
bakery_lint.tests.upstream.test_contour_count.TestContourCount.test_contour_count(): ERROR
bakery_lint.tests.upstream.test_check_ufo_fontfamily_recommendations.TestUFOFontFamilyNamingTest.test_familyname_less_than_32_chars(): OK
bakery_lint.tests.upstream.test_check_ufo_fontfamily_recommendations.TestUFOFontFamilyNamingTest.test_fullfontname_less_than_64_chars(): OK
bakery_lint.tests.upstream.test_check_ufo_fontfamily_recommendations.TestUFOFontFamilyNamingTest.test_postscriptname_consistof_allowed_chars(): OK
bakery_lint.tests.upstream.test_check_ufo_fontfamily_recommendations.TestUFOFontFamilyNamingTest.test_postscriptname_less_than_30_chars(): OK
bakery_lint.tests.upstream.test_check_ufo_fontfamily_recommendations.TestUFOFontFamilyNamingTest.test_stylename_less_than_32_chars(): OK
bakery_lint.tests.upstream.test_check_ufo_fontfamily_recommendations.TestUFOFontFamilyNamingTest.test_weight_value_range_between_250_and_900(): OK
bakery_lint.tests.upstream.test_unicode_value_should_appear_only_once_per_font.UnicodeValueShouldAppearOnlyOnce.testUnicodeValue(): ERROR
bakery_lint.tests.upstream.test_font_filename_eq_familystyle.TestTTFSourceFontFileNameEqualsFamilyStyle.test_source_ttf_font_filename_equals_familystyle(): ERROR
$ fontbakery-check.py upstream Monda-Bold.sfd
bakery_lint.tests.upstream.test_check_ufo_requirements.UfoOpenTest.test_has_rupee(): ERROR
bakery_lint.tests.upstream.test_check_ufo_requirements.UfoOpenTest.test_is_A(): ERROR
bakery_lint.tests.upstream.test_check_ufo_requirements.UfoOpenTest.test_is_A_a_glyph_instance(): ERROR
bakery_lint.tests.upstream.test_check_ufo_requirements.UfoOpenTest.test_is_ended_ufo(): ERROR
bakery_lint.tests.upstream.test_check_ufo_requirements.UfoOpenTest.test_is_folder(): ERROR
bakery_lint.tests.upstream.test_check_ufo_requirements.UfoOpenTest.test_is_fsType_eq_1(): ERROR
bakery_lint.tests.upstream.test_check_ufo_requirements.UfoOpenTest.test_it_exists(): ERROR
bakery_lint.tests.upstream.test_contour_count.TestContourCount.test_contour_count(): ERROR
bakery_lint.tests.upstream.test_check_ufo_fontfamily_recommendations.TestUFOFontFamilyNamingTest.test_familyname_less_than_32_chars(): OK
bakery_lint.tests.upstream.test_check_ufo_fontfamily_recommendations.TestUFOFontFamilyNamingTest.test_fullfontname_less_than_64_chars(): OK
bakery_lint.tests.upstream.test_check_ufo_fontfamily_recommendations.TestUFOFontFamilyNamingTest.test_postscriptname_consistof_allowed_chars(): OK
bakery_lint.tests.upstream.test_check_ufo_fontfamily_recommendations.TestUFOFontFamilyNamingTest.test_postscriptname_less_than_30_chars(): OK
bakery_lint.tests.upstream.test_check_ufo_fontfamily_recommendations.TestUFOFontFamilyNamingTest.test_stylename_less_than_32_chars(): OK
bakery_lint.tests.upstream.test_check_ufo_fontfamily_recommendations.TestUFOFontFamilyNamingTest.test_weight_value_range_between_250_and_900(): OK
bakery_lint.tests.upstream.test_unicode_value_should_appear_only_once_per_font.UnicodeValueShouldAppearOnlyOnce.testUnicodeValue(): ERROR
bakery_lint.tests.upstream.test_font_filename_eq_familystyle.TestTTFSourceFontFileNameEqualsFamilyStyle.test_source_ttf_font_filename_equals_familystyle(): ERROR
$ fontbakery-check.py upstream Monda-Regular.sfd
bakery_lint.tests.upstream.test_check_ufo_requirements.UfoOpenTest.test_has_rupee(): ERROR
bakery_lint.tests.upstream.test_check_ufo_requirements.UfoOpenTest.test_is_A(): ERROR
bakery_lint.tests.upstream.test_check_ufo_requirements.UfoOpenTest.test_is_A_a_glyph_instance(): ERROR
bakery_lint.tests.upstream.test_check_ufo_requirements.UfoOpenTest.test_is_ended_ufo(): ERROR
bakery_lint.tests.upstream.test_check_ufo_requirements.UfoOpenTest.test_is_folder(): ERROR
bakery_lint.tests.upstream.test_check_ufo_requirements.UfoOpenTest.test_is_fsType_eq_1(): ERROR
bakery_lint.tests.upstream.test_check_ufo_requirements.UfoOpenTest.test_it_exists(): ERROR
bakery_lint.tests.upstream.test_contour_count.TestContourCount.test_contour_count(): ERROR
bakery_lint.tests.upstream.test_check_ufo_fontfamily_recommendations.TestUFOFontFamilyNamingTest.test_familyname_less_than_32_chars(): OK
bakery_lint.tests.upstream.test_check_ufo_fontfamily_recommendations.TestUFOFontFamilyNamingTest.test_fullfontname_less_than_64_chars(): OK
bakery_lint.tests.upstream.test_check_ufo_fontfamily_recommendations.TestUFOFontFamilyNamingTest.test_postscriptname_consistof_allowed_chars(): OK
bakery_lint.tests.upstream.test_check_ufo_fontfamily_recommendations.TestUFOFontFamilyNamingTest.test_postscriptname_less_than_30_chars(): OK
bakery_lint.tests.upstream.test_check_ufo_fontfamily_recommendations.TestUFOFontFamilyNamingTest.test_stylename_less_than_32_chars(): OK
bakery_lint.tests.upstream.test_check_ufo_fontfamily_recommendations.TestUFOFontFamilyNamingTest.test_weight_value_range_between_250_and_900(): OK
bakery_lint.tests.upstream.test_unicode_value_should_appear_only_once_per_font.UnicodeValueShouldAppearOnlyOnce.testUnicodeValue(): ERROR
bakery_lint.tests.upstream.test_font_filename_eq_familystyle.TestTTFSourceFontFileNameEqualsFamilyStyle.test_source_ttf_font_filename_equals_familystyle(): ERROR
$ fontbakery-check.py upstream Monda-Bold-TTF.sfd
bakery_lint.tests.upstream.test_check_ufo_requirements.UfoOpenTest.test_has_rupee(): ERROR
bakery_lint.tests.upstream.test_check_ufo_requirements.UfoOpenTest.test_is_A(): ERROR
bakery_lint.tests.upstream.test_check_ufo_requirements.UfoOpenTest.test_is_A_a_glyph_instance(): ERROR
bakery_lint.tests.upstream.test_check_ufo_requirements.UfoOpenTest.test_is_ended_ufo(): ERROR
bakery_lint.tests.upstream.test_check_ufo_requirements.UfoOpenTest.test_is_folder(): ERROR
bakery_lint.tests.upstream.test_check_ufo_requirements.UfoOpenTest.test_is_fsType_eq_1(): ERROR
bakery_lint.tests.upstream.test_check_ufo_requirements.UfoOpenTest.test_it_exists(): ERROR
bakery_lint.tests.upstream.test_contour_count.TestContourCount.test_contour_count(): ERROR
bakery_lint.tests.upstream.test_check_ufo_fontfamily_recommendations.TestUFOFontFamilyNamingTest.test_familyname_less_than_32_chars(): OK
bakery_lint.tests.upstream.test_check_ufo_fontfamily_recommendations.TestUFOFontFamilyNamingTest.test_fullfontname_less_than_64_chars(): OK
bakery_lint.tests.upstream.test_check_ufo_fontfamily_recommendations.TestUFOFontFamilyNamingTest.test_postscriptname_consistof_allowed_chars(): OK
bakery_lint.tests.upstream.test_check_ufo_fontfamily_recommendations.TestUFOFontFamilyNamingTest.test_postscriptname_less_than_30_chars(): OK
bakery_lint.tests.upstream.test_check_ufo_fontfamily_recommendations.TestUFOFontFamilyNamingTest.test_stylename_less_than_32_chars(): OK
bakery_lint.tests.upstream.test_check_ufo_fontfamily_recommendations.TestUFOFontFamilyNamingTest.test_weight_value_range_between_250_and_900(): OK
bakery_lint.tests.upstream.test_unicode_value_should_appear_only_once_per_font.UnicodeValueShouldAppearOnlyOnce.testUnicodeValue(): ERROR
bakery_lint.tests.upstream.test_font_filename_eq_familystyle.TestTTFSourceFontFileNameEqualsFamilyStyle.test_source_ttf_font_filename_equals_familystyle(): ERROR
### (4 of 6) Convert sources to TTF
$ ttx -d /home/travis/build/fontdirectory/monda/builds/build /home/travis/build/fontdirectory/monda/builds/build/sources/MondaBold-Regular.ttx /home/travis/build/fontdirectory/monda/builds/build/sources/Monda-Regular.ttx
$ fontbakery-build-font2ttf.py sources/MondaBold-Regular.otf MondaBold-Regular.ttf
The glyph named mu is mapped to U+03BC.
But its name indicates it should be mapped to U+00B5.
Success: Generated OpenType-TTF (/home/travis/build/fontdirectory/monda/builds/build/MondaBold-Regular.ttf)
strippedname:/home/travis/build/fontdirectory/monda/builds/build/sources/Monda-Regular-TTF.sfd
strippedname:/home/travis/build/fontdirectory/monda/builds/build/sources/Monda-Bold.sfd
strippedname:/home/travis/build/fontdirectory/monda/builds/build/sources/Monda-Regular.sfd
strippedname:/home/travis/build/fontdirectory/monda/builds/build/sources/Monda-Bold-TTF.sfd
strippedname:/home/travis/build/fontdirectory/monda/builds/build/sources/Monda-Regular.ufo
strippedname:/home/travis/build/fontdirectory/monda/builds/build/sources/Monda-Bold.ufo
Compiling "/home/travis/build/fontdirectory/monda/builds/build/sources/MondaBold-Regular.ttx" to "/home/travis/build/fontdirectory/monda/builds/build/MondaBold-Regular.otf"...
Parsing 'GlyphOrder' table...
Parsing 'head' table...
Parsing 'hhea' table...
Parsing 'maxp' table...
Parsing 'OS/2' table...
Parsing 'name' table...
Parsing 'cmap' table...
Parsing 'post' table...
Parsing 'CFF ' table...
Parsing 'FFTM' table...
Parsing 'GDEF' table...
Parsing 'GPOS' table...
Parsing 'GSUB' table...
Parsing 'hmtx' table...
Compiling "/home/travis/build/fontdirectory/monda/builds/build/sources/Monda-Regular.ttx" to "/home/travis/build/fontdirectory/monda/builds/build/Monda-Regular.ttf"...
Parsing 'GlyphOrder' table...
Parsing 'head' table...
Parsing 'hhea' table...
Parsing 'maxp' table...
Parsing 'OS/2' table...
Parsing 'hmtx' table...
Parsing 'cmap' table...
Parsing 'cvt ' table...
Parsing 'loca' table...
Parsing 'glyf' table...
Parsing 'name' table...
Parsing 'post' table...
Parsing 'gasp' table...
Parsing 'FFTM' table...
Parsing 'GDEF' table...
Parsing 'GPOS' table...
Parsing 'GSUB' table...
strippedname:/home/travis/build/fontdirectory/monda/builds/build/MondaBold-Regular.otf
### Test MondaBold-Regular.ttf
$ fontbakery-check.py result MondaBold-Regular.ttf
bakery_lint.tests.downstream.test_check_license_included.CheckLicenseIncluded.test_license_included_in_font_names(): OK
bakery_lint.tests.downstream.test_check_unused_glyph_data.CheckUnusedGlyphData.test_check_unused_glyph_data(): ERROR
The following table(s) in the font have been ignored by FontForge
  Ignoring 'DSIG' digital signature table
The glyph named mu is mapped to U+03BC.
But its name indicates it should be mapped to U+00B5.
bakery_lint.tests.downstream.test_fontforge_validation_state.FontForgeValidateStateTest.test_allowed_numbers_paths_in_composite_glyphs(): OK
bakery_lint.tests.downstream.test_fontforge_validation_state.FontForgeValidateStateTest.test_allowed_numbers_paths_in_glyphs(): OK
bakery_lint.tests.downstream.test_fontforge_validation_state.FontForgeValidateStateTest.test_allowed_numbers_points_in_composite_glyphs(): OK
bakery_lint.tests.downstream.test_fontforge_validation_state.FontForgeValidateStateTest.test_allowed_numbers_points_in_glyphs(): OK
bakery_lint.tests.downstream.test_fontforge_validation_state.FontForgeValidateStateTest.test_duplicate_glyphs(): OK
bakery_lint.tests.downstream.test_fontforge_validation_state.FontForgeValidateStateTest.test_duplicate_unicode_codepoints(): OK
bakery_lint.tests.downstream.test_fontforge_validation_state.FontForgeValidateStateTest.test_flipped_reference_in_glyphs(): OK
bakery_lint.tests.downstream.test_fontforge_validation_state.FontForgeValidateStateTest.test_missing_anchors(): OK
bakery_lint.tests.downstream.test_fontforge_validation_state.FontForgeValidateStateTest.test_missing_extrema_in_glyphs(): FAIL
bakery_lint.tests.downstream.test_fontforge_validation_state.FontForgeValidateStateTest.test_overlapped_hints(): OK
bakery_lint.tests.downstream.test_fontforge_validation_state.FontForgeValidateStateTest.test_points_are_integer_aligned(): OK
bakery_lint.tests.downstream.test_fontforge_validation_state.FontForgeValidateStateTest.test_points_are_not_too_far_apart(): OK
bakery_lint.tests.downstream.test_fontforge_validation_state.FontForgeValidateStateTest.test_postscript_hasnt_limit_hints_in_glyphs(): OK
bakery_lint.tests.downstream.test_fontforge_validation_state.FontForgeValidateStateTest.test_postscript_hasnt_limit_points_in_glyphs(): OK
bakery_lint.tests.downstream.test_fontforge_validation_state.FontForgeValidateStateTest.test_referenced_glyphs_are_present(): OK
bakery_lint.tests.downstream.test_fontforge_validation_state.FontForgeValidateStateTest.test_valid_glyph_names(): OK
bakery_lint.tests.downstream.test_fontforge_validation_state.FontForgeValidateStateTest.test_valid_length_instructions(): OK
bakery_lint.tests.downstream.test_fontforge_validation_state.FontForgeValidateStateTest.test_validation_glyph_intersect(): OK
bakery_lint.tests.downstream.test_fontforge_validation_state.FontForgeValidateStateTest.test_validation_open_contours(): OK
bakery_lint.tests.downstream.test_fontforge_validation_state.FontForgeValidateStateTest.test_wrong_direction_in_glyphs(): OK
bakery_lint.tests.downstream.test_check_glyf_table_length.CheckGlyfTableLength.test_check_glyf_table_length(): FAIL
bakery_lint.tests.downstream.test_check_name_table_recommendation.CheckStyleNameRecommendation.test_check_stylename_is_under_recommendations(): OK
bakery_lint.tests.downstream.test_check_name_table_recommendation.CheckOTFamilyNameRecommendation.test_check_opentype_familyname(): FAIL
$ fontbakery-fix-opentype-names.py /home/travis/build/fontdirectory/monda/builds/build/MondaBold-Regular.ttf
$ mv /home/travis/build/fontdirectory/monda/builds/build/MondaBold-Regular.ttf.fix /home/travis/build/fontdirectory/monda/builds/build/MondaBold-Regular.ttf
bakery_lint.tests.downstream.test_check_name_table_recommendation.CheckOTFamilyNameRecommendation.test_check_opentype_familyname(): OK
bakery_lint.tests.downstream.test_check_name_table_recommendation.CheckOTStyleNameRecommendation.test_check_opentype_stylename(): OK
bakery_lint.tests.downstream.test_check_name_table_recommendation.CheckOTFullNameRecommendation.test_check_opentype_fullname(): OK
bakery_lint.tests.downstream.test_check_names_same_across_platforms.CheckNamesSameAcrossPlatforms.test_check_names_same_across_platforms(): FAIL
bakery_lint.tests.downstream.test_check_glyph_existence.CheckGlyphExistence.test_euro(): OK
bakery_lint.tests.downstream.test_check_glyph_existence.CheckGlyphExistence.test_nbsp(): OK
bakery_lint.tests.downstream.test_check_glyph_existence.CheckGlyphExistence.test_space(): OK
bakery_lint.tests.downstream.test_check_hmtx_hhea_max_advance_width_agreement.CheckHmtxHheaMaxAdvanceWidthAgreement.test_check_hmtx_hhea_max_advance_width_agreement(): OK
bakery_lint.tests.downstream.test_check_font_agreements.CheckFsTypeIsNotSet.test_is_fstype_not_set(): OK
$ fontbakery-fix-fstype.py --autofix /home/travis/build/fontdirectory/monda/builds/build/MondaBold-Regular.ttf
$ mv /home/travis/build/fontdirectory/monda/builds/build/MondaBold-Regular.ttf.fix /home/travis/build/fontdirectory/monda/builds/build/MondaBold-Regular.ttf
bakery_lint.tests.downstream.test_check_font_agreements.CheckFontAgreements.test_em_is_1000(): FAIL
bakery_lint.tests.downstream.test_check_font_agreements.CheckFontAgreements.test_font_is_font(): OK
bakery_lint.tests.downstream.test_check_font_agreements.CheckFontAgreements.test_latin_file_exists(): FAIL
bakery_lint.tests.downstream.test_check_font_agreements.CheckFontAgreements.test_menu_file_exists(): FAIL
bakery_lint.tests.downstream.test_check_nbsp_width_matches_sp_width.CheckNbspWidthMatchesSpWidth.test_check_nbsp_width_matches_sp_width(): FAIL
$ fontbakery-fix-nbsp.py /home/travis/build/fontdirectory/monda/builds/build/MondaBold-Regular.ttf
$ mv /home/travis/build/fontdirectory/monda/builds/build/MondaBold-Regular.ttf.fix /home/travis/build/fontdirectory/monda/builds/build/MondaBold-Regular.ttf
bakery_lint.tests.downstream.test_check_nbsp_width_matches_sp_width.CheckNbspWidthMatchesSpWidth.test_check_nbsp_width_matches_sp_width(): OK
bakery_lint.tests.downstream.test_gasp_table_value.CheckGaspTableType.test_check_gasp_table_type(): FAIL
$ fontbakery-fix-gasp.py --set=15 /home/travis/build/fontdirectory/monda/builds/build/MondaBold-Regular.ttf
$ mv /home/travis/build/fontdirectory/monda/builds/build/MondaBold-Regular.ttf.fix /home/travis/build/fontdirectory/monda/builds/build/MondaBold-Regular.ttf
bakery_lint.tests.downstream.test_gasp_table_value.CheckGaspTableType.test_check_gasp_table_type(): OK
$ fontbakery-fix-gasp.py --set=15 /home/travis/build/fontdirectory/monda/builds/build/MondaBold-Regular.ttf
$ mv /home/travis/build/fontdirectory/monda/builds/build/MondaBold-Regular.ttf.fix /home/travis/build/fontdirectory/monda/builds/build/MondaBold-Regular.ttf
bakery_lint.tests.downstream.test_check_vertical_metrics.CheckVerticalLinegapMetrics.test_metrics_linegaps_are_zero(): OK
bakery_lint.tests.downstream.test_check_vertical_metrics.CheckVerticalAscentMetrics.test_metrics_ascents_equal_bbox(): FAIL
$ fontbakery-fix-vertical-metrics.py --autofix /home/travis/build/fontdirectory/monda/builds/build/MondaBold-Regular.ttf /home/travis/build/fontdirectory/monda/builds/build/Monda-Regular.ttf
$ mv /home/travis/build/fontdirectory/monda/builds/build/MondaBold-Regular.ttf.fix /home/travis/build/fontdirectory/monda/builds/build/MondaBold-Regular.ttf
$ mv /home/travis/build/fontdirectory/monda/builds/build/Monda-Regular.ttf.fix /home/travis/build/fontdirectory/monda/builds/build/Monda-Regular.ttf
$ fontbakery-fix-vertical-metrics.py /home/travis/build/fontdirectory/monda/builds/build/MondaBold-Regular.ttf /home/travis/build/fontdirectory/monda/builds/build/Monda-Regular.ttf
Parameter              MondaBold-Regular.ttf    Monda-Regular.ttf    
ymax                   2440                     2106                 
hhea.ascent            2440                     2440                 
OS/2.sTypoAscender     2440                     2440                 
OS/2.usWinAscent       2440                     2440                 
ymin                   -854                     -756                 
hhea.descent           -854                     -854                 
OS/2.sTypoDescender    -854                     -854                 
OS/2.usWinDescent      854                      854                  
hhea.lineGap           0                        0                    
OS/2.sTypoLineGap      0                        0                    
hhea total             3294                     3294                 
typo total             3294                     3294                 
win total              3294                     3294                 
UPM:Heights            2048:3294                2048:2862            
UPM:Heights %          160 %                    139 %                


bakery_lint.tests.downstream.test_check_vertical_metrics.CheckVerticalAscentMetrics.test_metrics_ascents_equal_bbox(): OK
bakery_lint.tests.downstream.test_check_vertical_metrics.CheckVerticalDescentMetrics.test_metrics_descents_equal_bbox(): OK
bakery_lint.tests.downstream.test_check_unencoded_glyph.TestFontUnencodedGlyph.test_font_unencoded_glyphs(): FAIL
$ fontbakery-fix-glyph-private-encoding.py --autofix /home/travis/build/fontdirectory/monda/builds/build/MondaBold-Regular.ttf
$ mv /home/travis/build/fontdirectory/monda/builds/build/MondaBold-Regular.ttf.fix /home/travis/build/fontdirectory/monda/builds/build/MondaBold-Regular.ttf
bakery_lint.tests.downstream.test_check_unencoded_glyph.TestFontUnencodedGlyph.test_font_unencoded_glyphs(): FAIL
bakery_lint.tests.downstream.test_check_os2_width_class.CheckOS2WidthClass.test_check_os2_width_class(): OK
bakery_lint.tests.downstream.test_check_font_tables.CheckFontHasDsigTable.test_check_font_has_dsig_table(): OK
bakery_lint.tests.downstream.test_check_font_tables.CheckFontHasNotKernTable.test_no_kern_table_exists(): OK
bakery_lint.tests.downstream.test_check_panose_identification.CheckPanoseIdentification.test_check_panose_identification(): OK
bakery_lint.tests.downstream.test_gpos_table_has_kerning_info.CheckGposTableHasKerningInfo.test_gpos_table_has_kerning_info(): OK
bakery_lint.tests.downstream.test_check_upm_heights_less_120.TestCheckUPMHeightsLess120.test_check_upm_heigths_less_120(): FAIL
bakery_lint.tests.downstream.test_check_italic_angle_agreement.CheckItalicAngleAgreement.test_check_italic_angle_agreement(): OK
bakery_lint.tests.downstream.test_check_no_problematic_formats.CheckNoProblematicFormats.test_check_no_problematic_formats(): OK
bakery_lint.tests.downstream.test_check_fontname_matches_macstyle.CheckFontNameEqualToMacStyleFlags.test_fontname_is_equal_to_macstyle(): FAIL
bakery_lint.tests.downstream.test_names_are_ascii_only.CheckNamesAreASCIIOnly.test_check_names_are_ascii_only(): OK
bakery_lint.tests.downstream.test_check_magic_prep_code.CheckMagicPREPByteCode.test_prep_magic_code(): FAIL
bakery_lint.tests.downstream.test_check_full_font_name_begins_with_family_name.CheckFullFontNameBeginsWithFamilyName.test_check_full_font_name_begins_with_family_name(): OK
### Optimize TTF MondaBold-Regular.ttf
$ ls -l 'MondaBold-Regular.ttf'* # look at the size savings of that subset process
MondaBold-Regular.ttf.opt: 48584 bytes
MondaBold-Regular.ttf: 52768 bytes
$ mv /home/travis/build/fontdirectory/monda/builds/build/MondaBold-Regular.ttf.opt /home/travis/build/fontdirectory/monda/builds/build/MondaBold-Regular.ttf
### Autohint TTFs (ttfautohint) MondaBold-Regular.ttf
$ ttfautohint -l 7 -r 28 -G 50 -x 13 -w "G" /home/travis/build/fontdirectory/monda/builds/build/MondaBold-Regular.ttf '/home/travis/build/fontdirectory/monda/builds/build/MondaBold-Regular.autohint.ttf'

$ ls -l /home/travis/build/fontdirectory/monda/builds/build/MondaBold-Regular.*ttf # look at the size savings of that subset process
/home/travis/build/fontdirectory/monda/builds/build/MondaBold-Regular.ttf: 48584 bytes
/home/travis/build/fontdirectory/monda/builds/build/MondaBold-Regular.autohint.ttf: 91156 bytes
$ mv /home/travis/build/fontdirectory/monda/builds/build/MondaBold-Regular.autohint.ttf /home/travis/build/fontdirectory/monda/builds/build/MondaBold-Regular.ttf
### Subset TTFs (pyftsubset) MondaBold-Regular.ttf
$ pyftsubset MondaBold-Regular.latin
$ pyftsubset MondaBold-Regular.menu
strippedname:/home/travis/build/fontdirectory/monda/builds/build/MondaBold-Regular.ttf
spaceWidth is    516
nbspWidth is     349
MondaBold-Regular.ttf.fix made with spaceWidth and nbspWidth of 516
### Test Monda-Regular.ttf
$ fontbakery-check.py result Monda-Regular.ttf
bakery_lint.tests.downstream.test_check_license_included.CheckLicenseIncluded.test_license_included_in_font_names(): OK
bakery_lint.tests.downstream.test_check_unused_glyph_data.CheckUnusedGlyphData.test_check_unused_glyph_data(): ERROR
bakery_lint.tests.downstream.test_fontforge_validation_state.FontForgeValidateStateTest.test_allowed_numbers_paths_in_composite_glyphs(): OK
bakery_lint.tests.downstream.test_fontforge_validation_state.FontForgeValidateStateTest.test_allowed_numbers_paths_in_glyphs(): OK
bakery_lint.tests.downstream.test_fontforge_validation_state.FontForgeValidateStateTest.test_allowed_numbers_points_in_composite_glyphs(): OK
bakery_lint.tests.downstream.test_fontforge_validation_state.FontForgeValidateStateTest.test_allowed_numbers_points_in_glyphs(): OK
bakery_lint.tests.downstream.test_fontforge_validation_state.FontForgeValidateStateTest.test_duplicate_glyphs(): OK
bakery_lint.tests.downstream.test_fontforge_validation_state.FontForgeValidateStateTest.test_duplicate_unicode_codepoints(): OK
bakery_lint.tests.downstream.test_fontforge_validation_state.FontForgeValidateStateTest.test_flipped_reference_in_glyphs(): OK
bakery_lint.tests.downstream.test_fontforge_validation_state.FontForgeValidateStateTest.test_missing_anchors(): OK
bakery_lint.tests.downstream.test_fontforge_validation_state.FontForgeValidateStateTest.test_missing_extrema_in_glyphs(): FAIL
bakery_lint.tests.downstream.test_fontforge_validation_state.FontForgeValidateStateTest.test_overlapped_hints(): OK
bakery_lint.tests.downstream.test_fontforge_validation_state.FontForgeValidateStateTest.test_points_are_integer_aligned(): OK
bakery_lint.tests.downstream.test_fontforge_validation_state.FontForgeValidateStateTest.test_points_are_not_too_far_apart(): OK
bakery_lint.tests.downstream.test_fontforge_validation_state.FontForgeValidateStateTest.test_postscript_hasnt_limit_hints_in_glyphs(): OK
bakery_lint.tests.downstream.test_fontforge_validation_state.FontForgeValidateStateTest.test_postscript_hasnt_limit_points_in_glyphs(): OK
bakery_lint.tests.downstream.test_fontforge_validation_state.FontForgeValidateStateTest.test_referenced_glyphs_are_present(): OK
bakery_lint.tests.downstream.test_fontforge_validation_state.FontForgeValidateStateTest.test_valid_glyph_names(): OK
bakery_lint.tests.downstream.test_fontforge_validation_state.FontForgeValidateStateTest.test_valid_length_instructions(): OK
bakery_lint.tests.downstream.test_fontforge_validation_state.FontForgeValidateStateTest.test_validation_glyph_intersect(): FAIL
bakery_lint.tests.downstream.test_fontforge_validation_state.FontForgeValidateStateTest.test_validation_open_contours(): OK
bakery_lint.tests.downstream.test_fontforge_validation_state.FontForgeValidateStateTest.test_wrong_direction_in_glyphs(): OK
bakery_lint.tests.downstream.test_check_glyf_table_length.CheckGlyfTableLength.test_check_glyf_table_length(): FAIL
bakery_lint.tests.downstream.test_check_name_table_recommendation.CheckStyleNameRecommendation.test_check_stylename_is_under_recommendations(): OK
bakery_lint.tests.downstream.test_check_name_table_recommendation.CheckOTFamilyNameRecommendation.test_check_opentype_familyname(): OK
bakery_lint.tests.downstream.test_check_name_table_recommendation.CheckOTStyleNameRecommendation.test_check_opentype_stylename(): OK
bakery_lint.tests.downstream.test_check_name_table_recommendation.CheckOTFullNameRecommendation.test_check_opentype_fullname(): FAIL
$ fontbakery-fix-opentype-names.py /home/travis/build/fontdirectory/monda/builds/build/Monda-Regular.ttf
$ mv /home/travis/build/fontdirectory/monda/builds/build/Monda-Regular.ttf.fix /home/travis/build/fontdirectory/monda/builds/build/Monda-Regular.ttf
bakery_lint.tests.downstream.test_check_name_table_recommendation.CheckOTFullNameRecommendation.test_check_opentype_fullname(): OK
bakery_lint.tests.downstream.test_check_names_same_across_platforms.CheckNamesSameAcrossPlatforms.test_check_names_same_across_platforms(): OK
bakery_lint.tests.downstream.test_check_glyph_existence.CheckGlyphExistence.test_euro(): OK
bakery_lint.tests.downstream.test_check_glyph_existence.CheckGlyphExistence.test_nbsp(): OK
bakery_lint.tests.downstream.test_check_glyph_existence.CheckGlyphExistence.test_space(): OK
bakery_lint.tests.downstream.test_check_hmtx_hhea_max_advance_width_agreement.CheckHmtxHheaMaxAdvanceWidthAgreement.test_check_hmtx_hhea_max_advance_width_agreement(): OK
bakery_lint.tests.downstream.test_check_font_agreements.CheckFsTypeIsNotSet.test_is_fstype_not_set(): OK
$ fontbakery-fix-fstype.py --autofix /home/travis/build/fontdirectory/monda/builds/build/Monda-Regular.ttf
$ mv /home/travis/build/fontdirectory/monda/builds/build/Monda-Regular.ttf.fix /home/travis/build/fontdirectory/monda/builds/build/Monda-Regular.ttf
bakery_lint.tests.downstream.test_check_font_agreements.CheckFontAgreements.test_em_is_1000(): FAIL
bakery_lint.tests.downstream.test_check_font_agreements.CheckFontAgreements.test_font_is_font(): OK
bakery_lint.tests.downstream.test_check_font_agreements.CheckFontAgreements.test_latin_file_exists(): FAIL
bakery_lint.tests.downstream.test_check_font_agreements.CheckFontAgreements.test_menu_file_exists(): FAIL
bakery_lint.tests.downstream.test_check_nbsp_width_matches_sp_width.CheckNbspWidthMatchesSpWidth.test_check_nbsp_width_matches_sp_width(): OK
bakery_lint.tests.downstream.test_gasp_table_value.CheckGaspTableType.test_check_gasp_table_type(): FAIL
$ fontbakery-fix-gasp.py --set=15 /home/travis/build/fontdirectory/monda/builds/build/Monda-Regular.ttf
$ mv /home/travis/build/fontdirectory/monda/builds/build/Monda-Regular.ttf.fix /home/travis/build/fontdirectory/monda/builds/build/Monda-Regular.ttf
bakery_lint.tests.downstream.test_gasp_table_value.CheckGaspTableType.test_check_gasp_table_type(): OK
$ fontbakery-fix-gasp.py --set=15 /home/travis/build/fontdirectory/monda/builds/build/Monda-Regular.ttf
$ mv /home/travis/build/fontdirectory/monda/builds/build/Monda-Regular.ttf.fix /home/travis/build/fontdirectory/monda/builds/build/Monda-Regular.ttf
bakery_lint.tests.downstream.test_check_vertical_metrics.CheckVerticalLinegapMetrics.test_metrics_linegaps_are_zero(): OK
bakery_lint.tests.downstream.test_check_vertical_metrics.CheckVerticalAscentMetrics.test_metrics_ascents_equal_bbox(): OK
bakery_lint.tests.downstream.test_check_vertical_metrics.CheckVerticalDescentMetrics.test_metrics_descents_equal_bbox(): OK
bakery_lint.tests.downstream.test_check_unencoded_glyph.TestFontUnencodedGlyph.test_font_unencoded_glyphs(): FAIL
$ fontbakery-fix-glyph-private-encoding.py --autofix /home/travis/build/fontdirectory/monda/builds/build/Monda-Regular.ttf
$ mv /home/travis/build/fontdirectory/monda/builds/build/Monda-Regular.ttf.fix /home/travis/build/fontdirectory/monda/builds/build/Monda-Regular.ttf
bakery_lint.tests.downstream.test_check_unencoded_glyph.TestFontUnencodedGlyph.test_font_unencoded_glyphs(): FAIL
bakery_lint.tests.downstream.test_check_os2_width_class.CheckOS2WidthClass.test_check_os2_width_class(): OK
bakery_lint.tests.downstream.test_check_font_tables.CheckFontHasDsigTable.test_check_font_has_dsig_table(): FAIL
$ fontbakery-fix-dsig.py /home/travis/build/fontdirectory/monda/builds/build/Monda-Regular.ttf
$ mv /home/travis/build/fontdirectory/monda/builds/build/Monda-Regular.ttf.fix /home/travis/build/fontdirectory/monda/builds/build/Monda-Regular.ttf
bakery_lint.tests.downstream.test_check_font_tables.CheckFontHasDsigTable.test_check_font_has_dsig_table(): OK
bakery_lint.tests.downstream.test_check_font_tables.CheckFontHasNotKernTable.test_no_kern_table_exists(): OK
bakery_lint.tests.downstream.test_check_panose_identification.CheckPanoseIdentification.test_check_panose_identification(): OK
bakery_lint.tests.downstream.test_gpos_table_has_kerning_info.CheckGposTableHasKerningInfo.test_gpos_table_has_kerning_info(): ERROR
bakery_lint.tests.downstream.test_check_upm_heights_less_120.TestCheckUPMHeightsLess120.test_check_upm_heigths_less_120(): FAIL
bakery_lint.tests.downstream.test_check_italic_angle_agreement.CheckItalicAngleAgreement.test_check_italic_angle_agreement(): OK
bakery_lint.tests.downstream.test_check_no_problematic_formats.CheckNoProblematicFormats.test_check_no_problematic_formats(): OK
bakery_lint.tests.downstream.test_check_fontname_matches_macstyle.CheckFontNameEqualToMacStyleFlags.test_fontname_is_equal_to_macstyle(): FAIL
bakery_lint.tests.downstream.test_names_are_ascii_only.CheckNamesAreASCIIOnly.test_check_names_are_ascii_only(): OK
bakery_lint.tests.downstream.test_check_magic_prep_code.CheckMagicPREPByteCode.test_prep_magic_code(): FAIL
bakery_lint.tests.downstream.test_check_full_font_name_begins_with_family_name.CheckFullFontNameBeginsWithFamilyName.test_check_full_font_name_begins_with_family_name(): OK
### Optimize TTF Monda-Regular.ttf
$ ls -l 'Monda-Regular.ttf'* # look at the size savings of that subset process
Monda-Regular.ttf.opt: 27652 bytes
Monda-Regular.ttf: 28988 bytes
$ mv /home/travis/build/fontdirectory/monda/builds/build/Monda-Regular.ttf.opt /home/travis/build/fontdirectory/monda/builds/build/Monda-Regular.ttf
### Autohint TTFs (ttfautohint) Monda-Regular.ttf
$ ttfautohint -l 7 -r 28 -G 50 -x 13 -w "G" /home/travis/build/fontdirectory/monda/builds/build/Monda-Regular.ttf '/home/travis/build/fontdirectory/monda/builds/build/Monda-Regular.autohint.ttf'

$ ls -l /home/travis/build/fontdirectory/monda/builds/build/Monda-Regular.*ttf # look at the size savings of that subset process
/home/travis/build/fontdirectory/monda/builds/build/Monda-Regular.ttf: 27652 bytes
/home/travis/build/fontdirectory/monda/builds/build/Monda-Regular.autohint.ttf: 43384 bytes
$ mv /home/travis/build/fontdirectory/monda/builds/build/Monda-Regular.autohint.ttf /home/travis/build/fontdirectory/monda/builds/build/Monda-Regular.ttf
### Subset TTFs (pyftsubset) Monda-Regular.ttf
$ pyftsubset Monda-Regular.latin
$ pyftsubset Monda-Regular.menu
strippedname:/home/travis/build/fontdirectory/monda/builds/build/Monda-Regular.ttf
$ fontbakery-build-font2ttf.py sources/Monda-Regular.ufo Monda-Regular.ttf
Success: Generated OpenType-TTF (/home/travis/build/fontdirectory/monda/builds/build/Monda-Regular.ttf)
### Test Monda-Regular.ttf
$ fontbakery-check.py result Monda-Regular.ttf
bakery_lint.tests.downstream.test_check_license_included.CheckLicenseIncluded.test_license_included_in_font_names(): OK
bakery_lint.tests.downstream.test_check_unused_glyph_data.CheckUnusedGlyphData.test_check_unused_glyph_data(): ERROR
The following table(s) in the font have been ignored by FontForge
  Ignoring 'DSIG' digital signature table
The glyph named Delta is mapped to U+0394.
But its name indicates it should be mapped to U+2206.
bakery_lint.tests.downstream.test_fontforge_validation_state.FontForgeValidateStateTest.test_allowed_numbers_paths_in_composite_glyphs(): OK
bakery_lint.tests.downstream.test_fontforge_validation_state.FontForgeValidateStateTest.test_allowed_numbers_paths_in_glyphs(): OK
bakery_lint.tests.downstream.test_fontforge_validation_state.FontForgeValidateStateTest.test_allowed_numbers_points_in_composite_glyphs(): OK
bakery_lint.tests.downstream.test_fontforge_validation_state.FontForgeValidateStateTest.test_allowed_numbers_points_in_glyphs(): OK
bakery_lint.tests.downstream.test_fontforge_validation_state.FontForgeValidateStateTest.test_duplicate_glyphs(): OK
bakery_lint.tests.downstream.test_fontforge_validation_state.FontForgeValidateStateTest.test_duplicate_unicode_codepoints(): OK
bakery_lint.tests.downstream.test_fontforge_validation_state.FontForgeValidateStateTest.test_flipped_reference_in_glyphs(): OK
bakery_lint.tests.downstream.test_fontforge_validation_state.FontForgeValidateStateTest.test_missing_anchors(): OK
bakery_lint.tests.downstream.test_fontforge_validation_state.FontForgeValidateStateTest.test_missing_extrema_in_glyphs(): FAIL
bakery_lint.tests.downstream.test_fontforge_validation_state.FontForgeValidateStateTest.test_overlapped_hints(): OK
bakery_lint.tests.downstream.test_fontforge_validation_state.FontForgeValidateStateTest.test_points_are_integer_aligned(): OK
bakery_lint.tests.downstream.test_fontforge_validation_state.FontForgeValidateStateTest.test_points_are_not_too_far_apart(): OK
bakery_lint.tests.downstream.test_fontforge_validation_state.FontForgeValidateStateTest.test_postscript_hasnt_limit_hints_in_glyphs(): OK
bakery_lint.tests.downstream.test_fontforge_validation_state.FontForgeValidateStateTest.test_postscript_hasnt_limit_points_in_glyphs(): OK
bakery_lint.tests.downstream.test_fontforge_validation_state.FontForgeValidateStateTest.test_referenced_glyphs_are_present(): OK
bakery_lint.tests.downstream.test_fontforge_validation_state.FontForgeValidateStateTest.test_valid_glyph_names(): OK
bakery_lint.tests.downstream.test_fontforge_validation_state.FontForgeValidateStateTest.test_valid_length_instructions(): OK
bakery_lint.tests.downstream.test_fontforge_validation_state.FontForgeValidateStateTest.test_validation_glyph_intersect(): FAIL
bakery_lint.tests.downstream.test_fontforge_validation_state.FontForgeValidateStateTest.test_validation_open_contours(): OK
bakery_lint.tests.downstream.test_fontforge_validation_state.FontForgeValidateStateTest.test_wrong_direction_in_glyphs(): OK
bakery_lint.tests.downstream.test_check_glyf_table_length.CheckGlyfTableLength.test_check_glyf_table_length(): FAIL
bakery_lint.tests.downstream.test_check_name_table_recommendation.CheckStyleNameRecommendation.test_check_stylename_is_under_recommendations(): OK
bakery_lint.tests.downstream.test_check_name_table_recommendation.CheckOTFamilyNameRecommendation.test_check_opentype_familyname(): OK
bakery_lint.tests.downstream.test_check_name_table_recommendation.CheckOTStyleNameRecommendation.test_check_opentype_stylename(): OK
bakery_lint.tests.downstream.test_check_name_table_recommendation.CheckOTFullNameRecommendation.test_check_opentype_fullname(): FAIL
$ fontbakery-fix-opentype-names.py /home/travis/build/fontdirectory/monda/builds/build/Monda-Regular.ttf
$ mv /home/travis/build/fontdirectory/monda/builds/build/Monda-Regular.ttf.fix /home/travis/build/fontdirectory/monda/builds/build/Monda-Regular.ttf
bakery_lint.tests.downstream.test_check_name_table_recommendation.CheckOTFullNameRecommendation.test_check_opentype_fullname(): OK
bakery_lint.tests.downstream.test_check_names_same_across_platforms.CheckNamesSameAcrossPlatforms.test_check_names_same_across_platforms(): OK
bakery_lint.tests.downstream.test_check_glyph_existence.CheckGlyphExistence.test_euro(): OK
bakery_lint.tests.downstream.test_check_glyph_existence.CheckGlyphExistence.test_nbsp(): OK
bakery_lint.tests.downstream.test_check_glyph_existence.CheckGlyphExistence.test_space(): OK
bakery_lint.tests.downstream.test_check_hmtx_hhea_max_advance_width_agreement.CheckHmtxHheaMaxAdvanceWidthAgreement.test_check_hmtx_hhea_max_advance_width_agreement(): OK
bakery_lint.tests.downstream.test_check_font_agreements.CheckFsTypeIsNotSet.test_is_fstype_not_set(): FAIL
$ fontbakery-fix-fstype.py --autofix /home/travis/build/fontdirectory/monda/builds/build/Monda-Regular.ttf
$ mv /home/travis/build/fontdirectory/monda/builds/build/Monda-Regular.ttf.fix /home/travis/build/fontdirectory/monda/builds/build/Monda-Regular.ttf
bakery_lint.tests.downstream.test_check_font_agreements.CheckFsTypeIsNotSet.test_is_fstype_not_set(): OK
$ fontbakery-fix-fstype.py --autofix /home/travis/build/fontdirectory/monda/builds/build/Monda-Regular.ttf
$ mv /home/travis/build/fontdirectory/monda/builds/build/Monda-Regular.ttf.fix /home/travis/build/fontdirectory/monda/builds/build/Monda-Regular.ttf
bakery_lint.tests.downstream.test_check_font_agreements.CheckFontAgreements.test_em_is_1000(): FAIL
bakery_lint.tests.downstream.test_check_font_agreements.CheckFontAgreements.test_font_is_font(): OK
bakery_lint.tests.downstream.test_check_font_agreements.CheckFontAgreements.test_latin_file_exists(): OK
bakery_lint.tests.downstream.test_check_font_agreements.CheckFontAgreements.test_menu_file_exists(): OK
bakery_lint.tests.downstream.test_check_nbsp_width_matches_sp_width.CheckNbspWidthMatchesSpWidth.test_check_nbsp_width_matches_sp_width(): OK
bakery_lint.tests.downstream.test_gasp_table_value.CheckGaspTableType.test_check_gasp_table_type(): FAIL
$ fontbakery-fix-gasp.py --set=15 /home/travis/build/fontdirectory/monda/builds/build/Monda-Regular.ttf
$ mv /home/travis/build/fontdirectory/monda/builds/build/Monda-Regular.ttf.fix /home/travis/build/fontdirectory/monda/builds/build/Monda-Regular.ttf
bakery_lint.tests.downstream.test_gasp_table_value.CheckGaspTableType.test_check_gasp_table_type(): OK
$ fontbakery-fix-gasp.py --set=15 /home/travis/build/fontdirectory/monda/builds/build/Monda-Regular.ttf
$ mv /home/travis/build/fontdirectory/monda/builds/build/Monda-Regular.ttf.fix /home/travis/build/fontdirectory/monda/builds/build/Monda-Regular.ttf
bakery_lint.tests.downstream.test_check_vertical_metrics.CheckVerticalLinegapMetrics.test_metrics_linegaps_are_zero(): OK
bakery_lint.tests.downstream.test_check_vertical_metrics.CheckVerticalAscentMetrics.test_metrics_ascents_equal_bbox(): FAIL
$ fontbakery-fix-vertical-metrics.py --autofix /home/travis/build/fontdirectory/monda/builds/build/MondaBold-Regular.ttf /home/travis/build/fontdirectory/monda/builds/build/Monda-Regular.ttf
$ mv /home/travis/build/fontdirectory/monda/builds/build/MondaBold-Regular.ttf.fix /home/travis/build/fontdirectory/monda/builds/build/MondaBold-Regular.ttf
$ mv /home/travis/build/fontdirectory/monda/builds/build/Monda-Regular.ttf.fix /home/travis/build/fontdirectory/monda/builds/build/Monda-Regular.ttf
$ fontbakery-fix-vertical-metrics.py /home/travis/build/fontdirectory/monda/builds/build/MondaBold-Regular.ttf /home/travis/build/fontdirectory/monda/builds/build/Monda-Regular.ttf
Parameter              MondaBold-Regular.ttf    Monda-Regular.ttf    
ymax                   2440                     2009                 
hhea.ascent            2440                     2440                 
OS/2.sTypoAscender     2440                     2440                 
OS/2.usWinAscent       2440                     2440                 
ymin                   -854                     -664                 
hhea.descent           -854                     -854                 
OS/2.sTypoDescender    -854                     -854                 
OS/2.usWinDescent      854                      854                  
hhea.lineGap           0                        0                    
OS/2.sTypoLineGap      0                        0                    
hhea total             3294                     3294                 
typo total             3294                     3294                 
win total              3294                     3294                 
UPM:Heights            2048:3294                2048:2673            
UPM:Heights %          160 %                    130 %                


bakery_lint.tests.downstream.test_check_vertical_metrics.CheckVerticalAscentMetrics.test_metrics_ascents_equal_bbox(): OK
bakery_lint.tests.downstream.test_check_vertical_metrics.CheckVerticalDescentMetrics.test_metrics_descents_equal_bbox(): OK
bakery_lint.tests.downstream.test_check_unencoded_glyph.TestFontUnencodedGlyph.test_font_unencoded_glyphs(): FAIL
$ fontbakery-fix-glyph-private-encoding.py --autofix /home/travis/build/fontdirectory/monda/builds/build/Monda-Regular.ttf
$ mv /home/travis/build/fontdirectory/monda/builds/build/Monda-Regular.ttf.fix /home/travis/build/fontdirectory/monda/builds/build/Monda-Regular.ttf
bakery_lint.tests.downstream.test_check_unencoded_glyph.TestFontUnencodedGlyph.test_font_unencoded_glyphs(): FAIL
bakery_lint.tests.downstream.test_check_os2_width_class.CheckOS2WidthClass.test_check_os2_width_class(): OK
bakery_lint.tests.downstream.test_check_font_tables.CheckFontHasDsigTable.test_check_font_has_dsig_table(): OK
bakery_lint.tests.downstream.test_check_font_tables.CheckFontHasNotKernTable.test_no_kern_table_exists(): OK
bakery_lint.tests.downstream.test_check_panose_identification.CheckPanoseIdentification.test_check_panose_identification(): OK
bakery_lint.tests.downstream.test_gpos_table_has_kerning_info.CheckGposTableHasKerningInfo.test_gpos_table_has_kerning_info(): FAIL
bakery_lint.tests.downstream.test_check_upm_heights_less_120.TestCheckUPMHeightsLess120.test_check_upm_heigths_less_120(): FAIL
bakery_lint.tests.downstream.test_check_italic_angle_agreement.CheckItalicAngleAgreement.test_check_italic_angle_agreement(): OK
bakery_lint.tests.downstream.test_check_no_problematic_formats.CheckNoProblematicFormats.test_check_no_problematic_formats(): OK
bakery_lint.tests.downstream.test_check_fontname_matches_macstyle.CheckFontNameEqualToMacStyleFlags.test_fontname_is_equal_to_macstyle(): FAIL
bakery_lint.tests.downstream.test_names_are_ascii_only.CheckNamesAreASCIIOnly.test_check_names_are_ascii_only(): OK
bakery_lint.tests.downstream.test_check_magic_prep_code.CheckMagicPREPByteCode.test_prep_magic_code(): FAIL
bakery_lint.tests.downstream.test_check_full_font_name_begins_with_family_name.CheckFullFontNameBeginsWithFamilyName.test_check_full_font_name_begins_with_family_name(): OK
### Optimize TTF Monda-Regular.ttf
$ ls -l 'Monda-Regular.ttf'* # look at the size savings of that subset process
Monda-Regular.ttf.opt: 26644 bytes
Monda-Regular.ttf: 30676 bytes
$ mv /home/travis/build/fontdirectory/monda/builds/build/Monda-Regular.ttf.opt /home/travis/build/fontdirectory/monda/builds/build/Monda-Regular.ttf
### Autohint TTFs (ttfautohint) Monda-Regular.ttf
$ ttfautohint -l 7 -r 28 -G 50 -x 13 -w "G" /home/travis/build/fontdirectory/monda/builds/build/Monda-Regular.ttf '/home/travis/build/fontdirectory/monda/builds/build/Monda-Regular.autohint.ttf'

$ ls -l /home/travis/build/fontdirectory/monda/builds/build/Monda-Regular.*ttf # look at the size savings of that subset process
/home/travis/build/fontdirectory/monda/builds/build/Monda-Regular.ttf: 26644 bytes
/home/travis/build/fontdirectory/monda/builds/build/Monda-Regular.autohint.ttf: 41060 bytes
$ mv /home/travis/build/fontdirectory/monda/builds/build/Monda-Regular.autohint.ttf /home/travis/build/fontdirectory/monda/builds/build/Monda-Regular.ttf
### Subset TTFs (pyftsubset) Monda-Regular.ttf
$ pyftsubset Monda-Regular.latin
$ pyftsubset Monda-Regular.menu
strippedname:/home/travis/build/fontdirectory/monda/builds/build/Monda-Regular.ttf
$ fontbakery-build-font2ttf.py sources/Monda-Bold.ufo Monda-Bold.ttf
Success: Generated OpenType-TTF (/home/travis/build/fontdirectory/monda/builds/build/Monda-Bold.ttf)
### Test Monda-Bold.ttf
$ fontbakery-check.py result Monda-Bold.ttf
bakery_lint.tests.downstream.test_check_license_included.CheckLicenseIncluded.test_license_included_in_font_names(): ERROR
bakery_lint.tests.downstream.test_check_unused_glyph_data.CheckUnusedGlyphData.test_check_unused_glyph_data(): ERROR
The following table(s) in the font have been ignored by FontForge
  Ignoring 'DSIG' digital signature table
The glyph named mu is mapped to U+03BC.
But its name indicates it should be mapped to U+00B5.
bakery_lint.tests.downstream.test_fontforge_validation_state.FontForgeValidateStateTest.test_allowed_numbers_paths_in_composite_glyphs(): OK
bakery_lint.tests.downstream.test_fontforge_validation_state.FontForgeValidateStateTest.test_allowed_numbers_paths_in_glyphs(): OK
bakery_lint.tests.downstream.test_fontforge_validation_state.FontForgeValidateStateTest.test_allowed_numbers_points_in_composite_glyphs(): OK
bakery_lint.tests.downstream.test_fontforge_validation_state.FontForgeValidateStateTest.test_allowed_numbers_points_in_glyphs(): OK
bakery_lint.tests.downstream.test_fontforge_validation_state.FontForgeValidateStateTest.test_duplicate_glyphs(): OK
bakery_lint.tests.downstream.test_fontforge_validation_state.FontForgeValidateStateTest.test_duplicate_unicode_codepoints(): OK
bakery_lint.tests.downstream.test_fontforge_validation_state.FontForgeValidateStateTest.test_flipped_reference_in_glyphs(): OK
bakery_lint.tests.downstream.test_fontforge_validation_state.FontForgeValidateStateTest.test_missing_anchors(): OK
bakery_lint.tests.downstream.test_fontforge_validation_state.FontForgeValidateStateTest.test_missing_extrema_in_glyphs(): FAIL
bakery_lint.tests.downstream.test_fontforge_validation_state.FontForgeValidateStateTest.test_overlapped_hints(): OK
bakery_lint.tests.downstream.test_fontforge_validation_state.FontForgeValidateStateTest.test_points_are_integer_aligned(): OK
bakery_lint.tests.downstream.test_fontforge_validation_state.FontForgeValidateStateTest.test_points_are_not_too_far_apart(): OK
bakery_lint.tests.downstream.test_fontforge_validation_state.FontForgeValidateStateTest.test_postscript_hasnt_limit_hints_in_glyphs(): OK
bakery_lint.tests.downstream.test_fontforge_validation_state.FontForgeValidateStateTest.test_postscript_hasnt_limit_points_in_glyphs(): OK
bakery_lint.tests.downstream.test_fontforge_validation_state.FontForgeValidateStateTest.test_referenced_glyphs_are_present(): OK
bakery_lint.tests.downstream.test_fontforge_validation_state.FontForgeValidateStateTest.test_valid_glyph_names(): OK
bakery_lint.tests.downstream.test_fontforge_validation_state.FontForgeValidateStateTest.test_valid_length_instructions(): OK
bakery_lint.tests.downstream.test_fontforge_validation_state.FontForgeValidateStateTest.test_validation_glyph_intersect(): FAIL
bakery_lint.tests.downstream.test_fontforge_validation_state.FontForgeValidateStateTest.test_validation_open_contours(): OK
bakery_lint.tests.downstream.test_fontforge_validation_state.FontForgeValidateStateTest.test_wrong_direction_in_glyphs(): OK
bakery_lint.tests.downstream.test_check_glyf_table_length.CheckGlyfTableLength.test_check_glyf_table_length(): FAIL
bakery_lint.tests.downstream.test_check_name_table_recommendation.CheckStyleNameRecommendation.test_check_stylename_is_under_recommendations(): OK
bakery_lint.tests.downstream.test_check_name_table_recommendation.CheckOTFamilyNameRecommendation.test_check_opentype_familyname(): FAIL
$ fontbakery-fix-opentype-names.py /home/travis/build/fontdirectory/monda/builds/build/Monda-Bold.ttf
$ mv /home/travis/build/fontdirectory/monda/builds/build/Monda-Bold.ttf.fix /home/travis/build/fontdirectory/monda/builds/build/Monda-Bold.ttf
bakery_lint.tests.downstream.test_check_name_table_recommendation.CheckOTFamilyNameRecommendation.test_check_opentype_familyname(): OK
bakery_lint.tests.downstream.test_check_name_table_recommendation.CheckOTStyleNameRecommendation.test_check_opentype_stylename(): OK
bakery_lint.tests.downstream.test_check_name_table_recommendation.CheckOTFullNameRecommendation.test_check_opentype_fullname(): OK
bakery_lint.tests.downstream.test_check_names_same_across_platforms.CheckNamesSameAcrossPlatforms.test_check_names_same_across_platforms(): OK
bakery_lint.tests.downstream.test_check_glyph_existence.CheckGlyphExistence.test_euro(): OK
bakery_lint.tests.downstream.test_check_glyph_existence.CheckGlyphExistence.test_nbsp(): OK
bakery_lint.tests.downstream.test_check_glyph_existence.CheckGlyphExistence.test_space(): OK
bakery_lint.tests.downstream.test_check_hmtx_hhea_max_advance_width_agreement.CheckHmtxHheaMaxAdvanceWidthAgreement.test_check_hmtx_hhea_max_advance_width_agreement(): OK
bakery_lint.tests.downstream.test_check_font_agreements.CheckFsTypeIsNotSet.test_is_fstype_not_set(): OK
$ fontbakery-fix-fstype.py --autofix /home/travis/build/fontdirectory/monda/builds/build/Monda-Bold.ttf
$ mv /home/travis/build/fontdirectory/monda/builds/build/Monda-Bold.ttf.fix /home/travis/build/fontdirectory/monda/builds/build/Monda-Bold.ttf
bakery_lint.tests.downstream.test_check_font_agreements.CheckFontAgreements.test_em_is_1000(): FAIL
bakery_lint.tests.downstream.test_check_font_agreements.CheckFontAgreements.test_font_is_font(): OK
bakery_lint.tests.downstream.test_check_font_agreements.CheckFontAgreements.test_latin_file_exists(): FAIL
bakery_lint.tests.downstream.test_check_font_agreements.CheckFontAgreements.test_menu_file_exists(): FAIL
bakery_lint.tests.downstream.test_check_nbsp_width_matches_sp_width.CheckNbspWidthMatchesSpWidth.test_check_nbsp_width_matches_sp_width(): FAIL
$ fontbakery-fix-nbsp.py /home/travis/build/fontdirectory/monda/builds/build/Monda-Bold.ttf
$ mv /home/travis/build/fontdirectory/monda/builds/build/Monda-Bold.ttf.fix /home/travis/build/fontdirectory/monda/builds/build/Monda-Bold.ttf
bakery_lint.tests.downstream.test_check_nbsp_width_matches_sp_width.CheckNbspWidthMatchesSpWidth.test_check_nbsp_width_matches_sp_width(): OK
bakery_lint.tests.downstream.test_gasp_table_value.CheckGaspTableType.test_check_gasp_table_type(): FAIL
$ fontbakery-fix-gasp.py --set=15 /home/travis/build/fontdirectory/monda/builds/build/Monda-Bold.ttf
$ mv /home/travis/build/fontdirectory/monda/builds/build/Monda-Bold.ttf.fix /home/travis/build/fontdirectory/monda/builds/build/Monda-Bold.ttf
bakery_lint.tests.downstream.test_gasp_table_value.CheckGaspTableType.test_check_gasp_table_type(): OK
$ fontbakery-fix-gasp.py --set=15 /home/travis/build/fontdirectory/monda/builds/build/Monda-Bold.ttf
$ mv /home/travis/build/fontdirectory/monda/builds/build/Monda-Bold.ttf.fix /home/travis/build/fontdirectory/monda/builds/build/Monda-Bold.ttf
bakery_lint.tests.downstream.test_check_vertical_metrics.CheckVerticalLinegapMetrics.test_metrics_linegaps_are_zero(): OK
bakery_lint.tests.downstream.test_check_vertical_metrics.CheckVerticalAscentMetrics.test_metrics_ascents_equal_bbox(): FAIL
$ fontbakery-fix-vertical-metrics.py --autofix /home/travis/build/fontdirectory/monda/builds/build/Monda-Bold.ttf /home/travis/build/fontdirectory/monda/builds/build/MondaBold-Regular.ttf /home/travis/build/fontdirectory/monda/builds/build/Monda-Regular.ttf
$ mv /home/travis/build/fontdirectory/monda/builds/build/Monda-Bold.ttf.fix /home/travis/build/fontdirectory/monda/builds/build/Monda-Bold.ttf
$ mv /home/travis/build/fontdirectory/monda/builds/build/MondaBold-Regular.ttf.fix /home/travis/build/fontdirectory/monda/builds/build/MondaBold-Regular.ttf
$ mv /home/travis/build/fontdirectory/monda/builds/build/Monda-Regular.ttf.fix /home/travis/build/fontdirectory/monda/builds/build/Monda-Regular.ttf
$ fontbakery-fix-vertical-metrics.py /home/travis/build/fontdirectory/monda/builds/build/Monda-Bold.ttf /home/travis/build/fontdirectory/monda/builds/build/MondaBold-Regular.ttf /home/travis/build/fontdirectory/monda/builds/build/Monda-Regular.ttf
Parameter              Monda-Bold.ttf    MondaBold-Regular.ttf    Monda-Regular.ttf    
ymax                   2440              2440                     2009                 
hhea.ascent            2440              2440                     2440                 
OS/2.sTypoAscender     2440              2440                     2440                 
OS/2.usWinAscent       2440              2440                     2440                 
ymin                   -854              -854                     -664                 
hhea.descent           -854              -854                     -854                 
OS/2.sTypoDescender    -854              -854                     -854                 
OS/2.usWinDescent      854               854                      854                  
hhea.lineGap           0                 0                        0                    
OS/2.sTypoLineGap      0                 0                        0                    
hhea total             3294              3294                     3294                 
typo total             3294              3294                     3294                 
win total              3294              3294                     3294                 
UPM:Heights            2048:3294         2048:3294                2048:2673            
UPM:Heights %          160 %             160 %                    130 %                


bakery_lint.tests.downstream.test_check_vertical_metrics.CheckVerticalAscentMetrics.test_metrics_ascents_equal_bbox(): OK
bakery_lint.tests.downstream.test_check_vertical_metrics.CheckVerticalDescentMetrics.test_metrics_descents_equal_bbox(): OK
bakery_lint.tests.downstream.test_check_unencoded_glyph.TestFontUnencodedGlyph.test_font_unencoded_glyphs(): FAIL
$ fontbakery-fix-glyph-private-encoding.py --autofix /home/travis/build/fontdirectory/monda/builds/build/Monda-Bold.ttf
$ mv /home/travis/build/fontdirectory/monda/builds/build/Monda-Bold.ttf.fix /home/travis/build/fontdirectory/monda/builds/build/Monda-Bold.ttf
bakery_lint.tests.downstream.test_check_unencoded_glyph.TestFontUnencodedGlyph.test_font_unencoded_glyphs(): FAIL
bakery_lint.tests.downstream.test_check_os2_width_class.CheckOS2WidthClass.test_check_os2_width_class(): OK
bakery_lint.tests.downstream.test_check_font_tables.CheckFontHasDsigTable.test_check_font_has_dsig_table(): OK
bakery_lint.tests.downstream.test_check_font_tables.CheckFontHasNotKernTable.test_no_kern_table_exists(): OK
bakery_lint.tests.downstream.test_check_panose_identification.CheckPanoseIdentification.test_check_panose_identification(): OK
bakery_lint.tests.downstream.test_gpos_table_has_kerning_info.CheckGposTableHasKerningInfo.test_gpos_table_has_kerning_info(): OK
bakery_lint.tests.downstream.test_check_upm_heights_less_120.TestCheckUPMHeightsLess120.test_check_upm_heigths_less_120(): FAIL
bakery_lint.tests.downstream.test_check_italic_angle_agreement.CheckItalicAngleAgreement.test_check_italic_angle_agreement(): OK
bakery_lint.tests.downstream.test_check_no_problematic_formats.CheckNoProblematicFormats.test_check_no_problematic_formats(): OK
bakery_lint.tests.downstream.test_check_fontname_matches_macstyle.CheckFontNameEqualToMacStyleFlags.test_fontname_is_equal_to_macstyle(): FAIL
bakery_lint.tests.downstream.test_names_are_ascii_only.CheckNamesAreASCIIOnly.test_check_names_are_ascii_only(): OK
bakery_lint.tests.downstream.test_check_magic_prep_code.CheckMagicPREPByteCode.test_prep_magic_code(): FAIL
bakery_lint.tests.downstream.test_check_full_font_name_begins_with_family_name.CheckFullFontNameBeginsWithFamilyName.test_check_full_font_name_begins_with_family_name(): OK
### Optimize TTF Monda-Bold.ttf
$ ls -l 'Monda-Bold.ttf'* # look at the size savings of that subset process
Monda-Bold.ttf.opt: 46784 bytes
Monda-Bold.ttf: 50612 bytes
$ mv /home/travis/build/fontdirectory/monda/builds/build/Monda-Bold.ttf.opt /home/travis/build/fontdirectory/monda/builds/build/Monda-Bold.ttf
### Autohint TTFs (ttfautohint) Monda-Bold.ttf
$ ttfautohint -l 7 -r 28 -G 50 -x 13 -w "G" /home/travis/build/fontdirectory/monda/builds/build/Monda-Bold.ttf '/home/travis/build/fontdirectory/monda/builds/build/Monda-Bold.autohint.ttf'

$ ls -l /home/travis/build/fontdirectory/monda/builds/build/Monda-Bold.*ttf # look at the size savings of that subset process
/home/travis/build/fontdirectory/monda/builds/build/Monda-Bold.ttf: 46784 bytes
/home/travis/build/fontdirectory/monda/builds/build/Monda-Bold.autohint.ttf: 90776 bytes
$ mv /home/travis/build/fontdirectory/monda/builds/build/Monda-Bold.autohint.ttf /home/travis/build/fontdirectory/monda/builds/build/Monda-Bold.ttf
### Subset TTFs (pyftsubset) Monda-Bold.ttf
$ pyftsubset Monda-Bold.latin
$ pyftsubset Monda-Bold.menu
strippedname:/home/travis/build/fontdirectory/monda/builds/build/Monda-Bold.ttf
spaceWidth is    516
nbspWidth is     349
Monda-Bold.ttf.fix made with spaceWidth and nbspWidth of 516
$ fontbakery-build-font2ttf.py sources/Monda-Regular-TTF.sfd Monda-Regular-TTF.ttf
Success: Generated OpenType-TTF (/home/travis/build/fontdirectory/monda/builds/build/Monda-Regular-TTF.ttf)
### Test Monda-Regular-TTF.ttf
$ fontbakery-check.py result Monda-Regular-TTF.ttf
bakery_lint.tests.downstream.test_check_license_included.CheckLicenseIncluded.test_license_included_in_font_names(): OK
bakery_lint.tests.downstream.test_check_unused_glyph_data.CheckUnusedGlyphData.test_check_unused_glyph_data(): ERROR
The following table(s) in the font have been ignored by FontForge
  Ignoring 'DSIG' digital signature table
The glyph named Delta is mapped to U+0394.
But its name indicates it should be mapped to U+2206.
bakery_lint.tests.downstream.test_fontforge_validation_state.FontForgeValidateStateTest.test_allowed_numbers_paths_in_composite_glyphs(): OK
bakery_lint.tests.downstream.test_fontforge_validation_state.FontForgeValidateStateTest.test_allowed_numbers_paths_in_glyphs(): OK
bakery_lint.tests.downstream.test_fontforge_validation_state.FontForgeValidateStateTest.test_allowed_numbers_points_in_composite_glyphs(): OK
bakery_lint.tests.downstream.test_fontforge_validation_state.FontForgeValidateStateTest.test_allowed_numbers_points_in_glyphs(): OK
bakery_lint.tests.downstream.test_fontforge_validation_state.FontForgeValidateStateTest.test_duplicate_glyphs(): OK
bakery_lint.tests.downstream.test_fontforge_validation_state.FontForgeValidateStateTest.test_duplicate_unicode_codepoints(): OK
bakery_lint.tests.downstream.test_fontforge_validation_state.FontForgeValidateStateTest.test_flipped_reference_in_glyphs(): OK
bakery_lint.tests.downstream.test_fontforge_validation_state.FontForgeValidateStateTest.test_missing_anchors(): OK
bakery_lint.tests.downstream.test_fontforge_validation_state.FontForgeValidateStateTest.test_missing_extrema_in_glyphs(): FAIL
bakery_lint.tests.downstream.test_fontforge_validation_state.FontForgeValidateStateTest.test_overlapped_hints(): OK
bakery_lint.tests.downstream.test_fontforge_validation_state.FontForgeValidateStateTest.test_points_are_integer_aligned(): OK
bakery_lint.tests.downstream.test_fontforge_validation_state.FontForgeValidateStateTest.test_points_are_not_too_far_apart(): OK
bakery_lint.tests.downstream.test_fontforge_validation_state.FontForgeValidateStateTest.test_postscript_hasnt_limit_hints_in_glyphs(): OK
bakery_lint.tests.downstream.test_fontforge_validation_state.FontForgeValidateStateTest.test_postscript_hasnt_limit_points_in_glyphs(): OK
bakery_lint.tests.downstream.test_fontforge_validation_state.FontForgeValidateStateTest.test_referenced_glyphs_are_present(): OK
bakery_lint.tests.downstream.test_fontforge_validation_state.FontForgeValidateStateTest.test_valid_glyph_names(): OK
bakery_lint.tests.downstream.test_fontforge_validation_state.FontForgeValidateStateTest.test_valid_length_instructions(): OK
bakery_lint.tests.downstream.test_fontforge_validation_state.FontForgeValidateStateTest.test_validation_glyph_intersect(): FAIL
bakery_lint.tests.downstream.test_fontforge_validation_state.FontForgeValidateStateTest.test_validation_open_contours(): OK
bakery_lint.tests.downstream.test_fontforge_validation_state.FontForgeValidateStateTest.test_wrong_direction_in_glyphs(): OK
bakery_lint.tests.downstream.test_check_glyf_table_length.CheckGlyfTableLength.test_check_glyf_table_length(): FAIL
bakery_lint.tests.downstream.test_check_name_table_recommendation.CheckStyleNameRecommendation.test_check_stylename_is_under_recommendations(): OK
bakery_lint.tests.downstream.test_check_name_table_recommendation.CheckOTFamilyNameRecommendation.test_check_opentype_familyname(): OK
bakery_lint.tests.downstream.test_check_name_table_recommendation.CheckOTStyleNameRecommendation.test_check_opentype_stylename(): OK
bakery_lint.tests.downstream.test_check_name_table_recommendation.CheckOTFullNameRecommendation.test_check_opentype_fullname(): FAIL
$ fontbakery-fix-opentype-names.py /home/travis/build/fontdirectory/monda/builds/build/Monda-Regular-TTF.ttf
$ mv /home/travis/build/fontdirectory/monda/builds/build/Monda-Regular-TTF.ttf.fix /home/travis/build/fontdirectory/monda/builds/build/Monda-Regular-TTF.ttf
bakery_lint.tests.downstream.test_check_name_table_recommendation.CheckOTFullNameRecommendation.test_check_opentype_fullname(): OK
bakery_lint.tests.downstream.test_check_names_same_across_platforms.CheckNamesSameAcrossPlatforms.test_check_names_same_across_platforms(): OK
bakery_lint.tests.downstream.test_check_glyph_existence.CheckGlyphExistence.test_euro(): OK
bakery_lint.tests.downstream.test_check_glyph_existence.CheckGlyphExistence.test_nbsp(): OK
bakery_lint.tests.downstream.test_check_glyph_existence.CheckGlyphExistence.test_space(): OK
bakery_lint.tests.downstream.test_check_hmtx_hhea_max_advance_width_agreement.CheckHmtxHheaMaxAdvanceWidthAgreement.test_check_hmtx_hhea_max_advance_width_agreement(): OK
bakery_lint.tests.downstream.test_check_font_agreements.CheckFsTypeIsNotSet.test_is_fstype_not_set(): OK
$ fontbakery-fix-fstype.py --autofix /home/travis/build/fontdirectory/monda/builds/build/Monda-Regular-TTF.ttf
$ mv /home/travis/build/fontdirectory/monda/builds/build/Monda-Regular-TTF.ttf.fix /home/travis/build/fontdirectory/monda/builds/build/Monda-Regular-TTF.ttf
bakery_lint.tests.downstream.test_check_font_agreements.CheckFontAgreements.test_em_is_1000(): FAIL
bakery_lint.tests.downstream.test_check_font_agreements.CheckFontAgreements.test_font_is_font(): OK
bakery_lint.tests.downstream.test_check_font_agreements.CheckFontAgreements.test_latin_file_exists(): FAIL
bakery_lint.tests.downstream.test_check_font_agreements.CheckFontAgreements.test_menu_file_exists(): FAIL
bakery_lint.tests.downstream.test_check_nbsp_width_matches_sp_width.CheckNbspWidthMatchesSpWidth.test_check_nbsp_width_matches_sp_width(): OK
bakery_lint.tests.downstream.test_gasp_table_value.CheckGaspTableType.test_check_gasp_table_type(): FAIL
$ fontbakery-fix-gasp.py --set=15 /home/travis/build/fontdirectory/monda/builds/build/Monda-Regular-TTF.ttf
$ mv /home/travis/build/fontdirectory/monda/builds/build/Monda-Regular-TTF.ttf.fix /home/travis/build/fontdirectory/monda/builds/build/Monda-Regular-TTF.ttf
bakery_lint.tests.downstream.test_gasp_table_value.CheckGaspTableType.test_check_gasp_table_type(): OK
$ fontbakery-fix-gasp.py --set=15 /home/travis/build/fontdirectory/monda/builds/build/Monda-Regular-TTF.ttf
$ mv /home/travis/build/fontdirectory/monda/builds/build/Monda-Regular-TTF.ttf.fix /home/travis/build/fontdirectory/monda/builds/build/Monda-Regular-TTF.ttf
bakery_lint.tests.downstream.test_check_vertical_metrics.CheckVerticalLinegapMetrics.test_metrics_linegaps_are_zero(): OK
bakery_lint.tests.downstream.test_check_vertical_metrics.CheckVerticalAscentMetrics.test_metrics_ascents_equal_bbox(): FAIL
$ fontbakery-fix-vertical-metrics.py --autofix /home/travis/build/fontdirectory/monda/builds/build/Monda-Bold.ttf /home/travis/build/fontdirectory/monda/builds/build/Monda-Regular-TTF.ttf /home/travis/build/fontdirectory/monda/builds/build/MondaBold-Regular.ttf /home/travis/build/fontdirectory/monda/builds/build/Monda-Regular.ttf
$ mv /home/travis/build/fontdirectory/monda/builds/build/Monda-Bold.ttf.fix /home/travis/build/fontdirectory/monda/builds/build/Monda-Bold.ttf
$ mv /home/travis/build/fontdirectory/monda/builds/build/Monda-Regular-TTF.ttf.fix /home/travis/build/fontdirectory/monda/builds/build/Monda-Regular-TTF.ttf
$ mv /home/travis/build/fontdirectory/monda/builds/build/MondaBold-Regular.ttf.fix /home/travis/build/fontdirectory/monda/builds/build/MondaBold-Regular.ttf
$ mv /home/travis/build/fontdirectory/monda/builds/build/Monda-Regular.ttf.fix /home/travis/build/fontdirectory/monda/builds/build/Monda-Regular.ttf
$ fontbakery-fix-vertical-metrics.py /home/travis/build/fontdirectory/monda/builds/build/Monda-Bold.ttf /home/travis/build/fontdirectory/monda/builds/build/Monda-Regular-TTF.ttf /home/travis/build/fontdirectory/monda/builds/build/MondaBold-Regular.ttf /home/travis/build/fontdirectory/monda/builds/build/Monda-Regular.ttf
Parameter              Monda-Bold.ttf    Monda-Regular-TTF.ttf    MondaBold-Regular.ttf    Monda-Regular.ttf    
ymax                   2440              2106                     2440                     2009                 
hhea.ascent            2440              2440                     2440                     2440                 
OS/2.sTypoAscender     2440              2440                     2440                     2440                 
OS/2.usWinAscent       2440              2440                     2440                     2440                 
ymin                   -854              -756                     -854                     -664                 
hhea.descent           -854              -854                     -854                     -854                 
OS/2.sTypoDescender    -854              -854                     -854                     -854                 
OS/2.usWinDescent      854               854                      854                      854                  
hhea.lineGap           0                 0                        0                        0                    
OS/2.sTypoLineGap      0                 0                        0                        0                    
hhea total             3294              3294                     3294                     3294                 
typo total             3294              3294                     3294                     3294                 
win total              3294              3294                     3294                     3294                 
UPM:Heights            2048:3294         2048:2862                2048:3294                2048:2673            
UPM:Heights %          160 %             139 %                    160 %                    130 %                


bakery_lint.tests.downstream.test_check_vertical_metrics.CheckVerticalAscentMetrics.test_metrics_ascents_equal_bbox(): OK
bakery_lint.tests.downstream.test_check_vertical_metrics.CheckVerticalDescentMetrics.test_metrics_descents_equal_bbox(): OK
bakery_lint.tests.downstream.test_check_unencoded_glyph.TestFontUnencodedGlyph.test_font_unencoded_glyphs(): FAIL
$ fontbakery-fix-glyph-private-encoding.py --autofix /home/travis/build/fontdirectory/monda/builds/build/Monda-Regular-TTF.ttf
$ mv /home/travis/build/fontdirectory/monda/builds/build/Monda-Regular-TTF.ttf.fix /home/travis/build/fontdirectory/monda/builds/build/Monda-Regular-TTF.ttf
bakery_lint.tests.downstream.test_check_unencoded_glyph.TestFontUnencodedGlyph.test_font_unencoded_glyphs(): FAIL
bakery_lint.tests.downstream.test_check_os2_width_class.CheckOS2WidthClass.test_check_os2_width_class(): OK
bakery_lint.tests.downstream.test_check_font_tables.CheckFontHasDsigTable.test_check_font_has_dsig_table(): OK
bakery_lint.tests.downstream.test_check_font_tables.CheckFontHasNotKernTable.test_no_kern_table_exists(): OK
bakery_lint.tests.downstream.test_check_panose_identification.CheckPanoseIdentification.test_check_panose_identification(): OK
bakery_lint.tests.downstream.test_gpos_table_has_kerning_info.CheckGposTableHasKerningInfo.test_gpos_table_has_kerning_info(): ERROR
bakery_lint.tests.downstream.test_check_upm_heights_less_120.TestCheckUPMHeightsLess120.test_check_upm_heigths_less_120(): FAIL
bakery_lint.tests.downstream.test_check_italic_angle_agreement.CheckItalicAngleAgreement.test_check_italic_angle_agreement(): OK
bakery_lint.tests.downstream.test_check_no_problematic_formats.CheckNoProblematicFormats.test_check_no_problematic_formats(): OK
bakery_lint.tests.downstream.test_check_fontname_matches_macstyle.CheckFontNameEqualToMacStyleFlags.test_fontname_is_equal_to_macstyle(): FAIL
bakery_lint.tests.downstream.test_names_are_ascii_only.CheckNamesAreASCIIOnly.test_check_names_are_ascii_only(): OK
bakery_lint.tests.downstream.test_check_magic_prep_code.CheckMagicPREPByteCode.test_prep_magic_code(): FAIL
bakery_lint.tests.downstream.test_check_full_font_name_begins_with_family_name.CheckFullFontNameBeginsWithFamilyName.test_check_full_font_name_begins_with_family_name(): OK
### Optimize TTF Monda-Regular-TTF.ttf
$ ls -l 'Monda-Regular-TTF.ttf'* # look at the size savings of that subset process
Monda-Regular-TTF.ttf.opt: 27700 bytes
Monda-Regular-TTF.ttf: 31792 bytes
$ mv /home/travis/build/fontdirectory/monda/builds/build/Monda-Regular-TTF.ttf.opt /home/travis/build/fontdirectory/monda/builds/build/Monda-Regular-TTF.ttf
### Autohint TTFs (ttfautohint) Monda-Regular-TTF.ttf
$ ttfautohint -l 7 -r 28 -G 50 -x 13 -w "G" /home/travis/build/fontdirectory/monda/builds/build/Monda-Regular-TTF.ttf '/home/travis/build/fontdirectory/monda/builds/build/Monda-Regular-TTF.autohint.ttf'

$ ls -l /home/travis/build/fontdirectory/monda/builds/build/Monda-Regular-TTF.*ttf # look at the size savings of that subset process
/home/travis/build/fontdirectory/monda/builds/build/Monda-Regular-TTF.ttf: 27700 bytes
/home/travis/build/fontdirectory/monda/builds/build/Monda-Regular-TTF.autohint.ttf: 43412 bytes
$ mv /home/travis/build/fontdirectory/monda/builds/build/Monda-Regular-TTF.autohint.ttf /home/travis/build/fontdirectory/monda/builds/build/Monda-Regular-TTF.ttf
### Subset TTFs (pyftsubset) Monda-Regular-TTF.ttf
$ pyftsubset Monda-Regular-TTF.latin
$ pyftsubset Monda-Regular-TTF.menu
strippedname:/home/travis/build/fontdirectory/monda/builds/build/Monda-Regular-TTF.ttf
$ fontbakery-build-font2ttf.py sources/Monda-Bold.sfd Monda-Bold.ttf
Success: Generated OpenType-TTF (/home/travis/build/fontdirectory/monda/builds/build/Monda-Bold.ttf)
### Test Monda-Bold.ttf
$ fontbakery-check.py result Monda-Bold.ttf
bakery_lint.tests.downstream.test_check_license_included.CheckLicenseIncluded.test_license_included_in_font_names(): OK
bakery_lint.tests.downstream.test_check_unused_glyph_data.CheckUnusedGlyphData.test_check_unused_glyph_data(): ERROR
The following table(s) in the font have been ignored by FontForge
  Ignoring 'DSIG' digital signature table
The glyph named mu is mapped to U+03BC.
But its name indicates it should be mapped to U+00B5.
bakery_lint.tests.downstream.test_fontforge_validation_state.FontForgeValidateStateTest.test_allowed_numbers_paths_in_composite_glyphs(): OK
bakery_lint.tests.downstream.test_fontforge_validation_state.FontForgeValidateStateTest.test_allowed_numbers_paths_in_glyphs(): OK
bakery_lint.tests.downstream.test_fontforge_validation_state.FontForgeValidateStateTest.test_allowed_numbers_points_in_composite_glyphs(): OK
bakery_lint.tests.downstream.test_fontforge_validation_state.FontForgeValidateStateTest.test_allowed_numbers_points_in_glyphs(): OK
bakery_lint.tests.downstream.test_fontforge_validation_state.FontForgeValidateStateTest.test_duplicate_glyphs(): OK
bakery_lint.tests.downstream.test_fontforge_validation_state.FontForgeValidateStateTest.test_duplicate_unicode_codepoints(): OK
bakery_lint.tests.downstream.test_fontforge_validation_state.FontForgeValidateStateTest.test_flipped_reference_in_glyphs(): OK
bakery_lint.tests.downstream.test_fontforge_validation_state.FontForgeValidateStateTest.test_missing_anchors(): OK
bakery_lint.tests.downstream.test_fontforge_validation_state.FontForgeValidateStateTest.test_missing_extrema_in_glyphs(): FAIL
bakery_lint.tests.downstream.test_fontforge_validation_state.FontForgeValidateStateTest.test_overlapped_hints(): OK
bakery_lint.tests.downstream.test_fontforge_validation_state.FontForgeValidateStateTest.test_points_are_integer_aligned(): OK
bakery_lint.tests.downstream.test_fontforge_validation_state.FontForgeValidateStateTest.test_points_are_not_too_far_apart(): OK
bakery_lint.tests.downstream.test_fontforge_validation_state.FontForgeValidateStateTest.test_postscript_hasnt_limit_hints_in_glyphs(): OK
bakery_lint.tests.downstream.test_fontforge_validation_state.FontForgeValidateStateTest.test_postscript_hasnt_limit_points_in_glyphs(): OK
bakery_lint.tests.downstream.test_fontforge_validation_state.FontForgeValidateStateTest.test_referenced_glyphs_are_present(): OK
bakery_lint.tests.downstream.test_fontforge_validation_state.FontForgeValidateStateTest.test_valid_glyph_names(): OK
bakery_lint.tests.downstream.test_fontforge_validation_state.FontForgeValidateStateTest.test_valid_length_instructions(): OK
bakery_lint.tests.downstream.test_fontforge_validation_state.FontForgeValidateStateTest.test_validation_glyph_intersect(): FAIL
bakery_lint.tests.downstream.test_fontforge_validation_state.FontForgeValidateStateTest.test_validation_open_contours(): OK
bakery_lint.tests.downstream.test_fontforge_validation_state.FontForgeValidateStateTest.test_wrong_direction_in_glyphs(): OK
bakery_lint.tests.downstream.test_check_glyf_table_length.CheckGlyfTableLength.test_check_glyf_table_length(): FAIL
bakery_lint.tests.downstream.test_check_name_table_recommendation.CheckStyleNameRecommendation.test_check_stylename_is_under_recommendations(): OK
bakery_lint.tests.downstream.test_check_name_table_recommendation.CheckOTFamilyNameRecommendation.test_check_opentype_familyname(): FAIL
$ fontbakery-fix-opentype-names.py /home/travis/build/fontdirectory/monda/builds/build/Monda-Bold.ttf
$ mv /home/travis/build/fontdirectory/monda/builds/build/Monda-Bold.ttf.fix /home/travis/build/fontdirectory/monda/builds/build/Monda-Bold.ttf
bakery_lint.tests.downstream.test_check_name_table_recommendation.CheckOTFamilyNameRecommendation.test_check_opentype_familyname(): OK
bakery_lint.tests.downstream.test_check_name_table_recommendation.CheckOTStyleNameRecommendation.test_check_opentype_stylename(): OK
bakery_lint.tests.downstream.test_check_name_table_recommendation.CheckOTFullNameRecommendation.test_check_opentype_fullname(): OK
bakery_lint.tests.downstream.test_check_names_same_across_platforms.CheckNamesSameAcrossPlatforms.test_check_names_same_across_platforms(): FAIL
bakery_lint.tests.downstream.test_check_glyph_existence.CheckGlyphExistence.test_euro(): OK
bakery_lint.tests.downstream.test_check_glyph_existence.CheckGlyphExistence.test_nbsp(): OK
bakery_lint.tests.downstream.test_check_glyph_existence.CheckGlyphExistence.test_space(): OK
bakery_lint.tests.downstream.test_check_hmtx_hhea_max_advance_width_agreement.CheckHmtxHheaMaxAdvanceWidthAgreement.test_check_hmtx_hhea_max_advance_width_agreement(): OK
bakery_lint.tests.downstream.test_check_font_agreements.CheckFsTypeIsNotSet.test_is_fstype_not_set(): OK
$ fontbakery-fix-fstype.py --autofix /home/travis/build/fontdirectory/monda/builds/build/Monda-Bold.ttf
$ mv /home/travis/build/fontdirectory/monda/builds/build/Monda-Bold.ttf.fix /home/travis/build/fontdirectory/monda/builds/build/Monda-Bold.ttf
bakery_lint.tests.downstream.test_check_font_agreements.CheckFontAgreements.test_em_is_1000(): FAIL
bakery_lint.tests.downstream.test_check_font_agreements.CheckFontAgreements.test_font_is_font(): OK
bakery_lint.tests.downstream.test_check_font_agreements.CheckFontAgreements.test_latin_file_exists(): OK
bakery_lint.tests.downstream.test_check_font_agreements.CheckFontAgreements.test_menu_file_exists(): OK
bakery_lint.tests.downstream.test_check_nbsp_width_matches_sp_width.CheckNbspWidthMatchesSpWidth.test_check_nbsp_width_matches_sp_width(): FAIL
$ fontbakery-fix-nbsp.py /home/travis/build/fontdirectory/monda/builds/build/Monda-Bold.ttf
$ mv /home/travis/build/fontdirectory/monda/builds/build/Monda-Bold.ttf.fix /home/travis/build/fontdirectory/monda/builds/build/Monda-Bold.ttf
bakery_lint.tests.downstream.test_check_nbsp_width_matches_sp_width.CheckNbspWidthMatchesSpWidth.test_check_nbsp_width_matches_sp_width(): OK
bakery_lint.tests.downstream.test_gasp_table_value.CheckGaspTableType.test_check_gasp_table_type(): FAIL
$ fontbakery-fix-gasp.py --set=15 /home/travis/build/fontdirectory/monda/builds/build/Monda-Bold.ttf
$ mv /home/travis/build/fontdirectory/monda/builds/build/Monda-Bold.ttf.fix /home/travis/build/fontdirectory/monda/builds/build/Monda-Bold.ttf
bakery_lint.tests.downstream.test_gasp_table_value.CheckGaspTableType.test_check_gasp_table_type(): OK
$ fontbakery-fix-gasp.py --set=15 /home/travis/build/fontdirectory/monda/builds/build/Monda-Bold.ttf
$ mv /home/travis/build/fontdirectory/monda/builds/build/Monda-Bold.ttf.fix /home/travis/build/fontdirectory/monda/builds/build/Monda-Bold.ttf
bakery_lint.tests.downstream.test_check_vertical_metrics.CheckVerticalLinegapMetrics.test_metrics_linegaps_are_zero(): OK
bakery_lint.tests.downstream.test_check_vertical_metrics.CheckVerticalAscentMetrics.test_metrics_ascents_equal_bbox(): FAIL
$ fontbakery-fix-vertical-metrics.py --autofix /home/travis/build/fontdirectory/monda/builds/build/Monda-Bold.ttf /home/travis/build/fontdirectory/monda/builds/build/Monda-Regular-TTF.ttf /home/travis/build/fontdirectory/monda/builds/build/MondaBold-Regular.ttf /home/travis/build/fontdirectory/monda/builds/build/Monda-Regular.ttf
$ mv /home/travis/build/fontdirectory/monda/builds/build/Monda-Bold.ttf.fix /home/travis/build/fontdirectory/monda/builds/build/Monda-Bold.ttf
$ mv /home/travis/build/fontdirectory/monda/builds/build/Monda-Regular-TTF.ttf.fix /home/travis/build/fontdirectory/monda/builds/build/Monda-Regular-TTF.ttf
$ mv /home/travis/build/fontdirectory/monda/builds/build/MondaBold-Regular.ttf.fix /home/travis/build/fontdirectory/monda/builds/build/MondaBold-Regular.ttf
$ mv /home/travis/build/fontdirectory/monda/builds/build/Monda-Regular.ttf.fix /home/travis/build/fontdirectory/monda/builds/build/Monda-Regular.ttf
$ fontbakery-fix-vertical-metrics.py /home/travis/build/fontdirectory/monda/builds/build/Monda-Bold.ttf /home/travis/build/fontdirectory/monda/builds/build/Monda-Regular-TTF.ttf /home/travis/build/fontdirectory/monda/builds/build/MondaBold-Regular.ttf /home/travis/build/fontdirectory/monda/builds/build/Monda-Regular.ttf
Parameter              Monda-Bold.ttf    Monda-Regular-TTF.ttf    MondaBold-Regular.ttf    Monda-Regular.ttf    
ymax                   2440              2106                     2440                     2009                 
hhea.ascent            2440              2440                     2440                     2440                 
OS/2.sTypoAscender     2440              2440                     2440                     2440                 
OS/2.usWinAscent       2440              2440                     2440                     2440                 
ymin                   -854              -756                     -854                     -664                 
hhea.descent           -854              -854                     -854                     -854                 
OS/2.sTypoDescender    -854              -854                     -854                     -854                 
OS/2.usWinDescent      854               854                      854                      854                  
hhea.lineGap           0                 0                        0                        0                    
OS/2.sTypoLineGap      0                 0                        0                        0                    
hhea total             3294              3294                     3294                     3294                 
typo total             3294              3294                     3294                     3294                 
win total              3294              3294                     3294                     3294                 
UPM:Heights            2048:3294         2048:2862                2048:3294                2048:2673            
UPM:Heights %          160 %             139 %                    160 %                    130 %                


bakery_lint.tests.downstream.test_check_vertical_metrics.CheckVerticalAscentMetrics.test_metrics_ascents_equal_bbox(): OK
bakery_lint.tests.downstream.test_check_vertical_metrics.CheckVerticalDescentMetrics.test_metrics_descents_equal_bbox(): OK
bakery_lint.tests.downstream.test_check_unencoded_glyph.TestFontUnencodedGlyph.test_font_unencoded_glyphs(): FAIL
$ fontbakery-fix-glyph-private-encoding.py --autofix /home/travis/build/fontdirectory/monda/builds/build/Monda-Bold.ttf
$ mv /home/travis/build/fontdirectory/monda/builds/build/Monda-Bold.ttf.fix /home/travis/build/fontdirectory/monda/builds/build/Monda-Bold.ttf
bakery_lint.tests.downstream.test_check_unencoded_glyph.TestFontUnencodedGlyph.test_font_unencoded_glyphs(): FAIL
bakery_lint.tests.downstream.test_check_os2_width_class.CheckOS2WidthClass.test_check_os2_width_class(): OK
bakery_lint.tests.downstream.test_check_font_tables.CheckFontHasDsigTable.test_check_font_has_dsig_table(): OK
bakery_lint.tests.downstream.test_check_font_tables.CheckFontHasNotKernTable.test_no_kern_table_exists(): OK
bakery_lint.tests.downstream.test_check_panose_identification.CheckPanoseIdentification.test_check_panose_identification(): OK
bakery_lint.tests.downstream.test_gpos_table_has_kerning_info.CheckGposTableHasKerningInfo.test_gpos_table_has_kerning_info(): OK
bakery_lint.tests.downstream.test_check_upm_heights_less_120.TestCheckUPMHeightsLess120.test_check_upm_heigths_less_120(): FAIL
bakery_lint.tests.downstream.test_check_italic_angle_agreement.CheckItalicAngleAgreement.test_check_italic_angle_agreement(): OK
bakery_lint.tests.downstream.test_check_no_problematic_formats.CheckNoProblematicFormats.test_check_no_problematic_formats(): OK
bakery_lint.tests.downstream.test_check_fontname_matches_macstyle.CheckFontNameEqualToMacStyleFlags.test_fontname_is_equal_to_macstyle(): FAIL
bakery_lint.tests.downstream.test_names_are_ascii_only.CheckNamesAreASCIIOnly.test_check_names_are_ascii_only(): OK
bakery_lint.tests.downstream.test_check_magic_prep_code.CheckMagicPREPByteCode.test_prep_magic_code(): FAIL
bakery_lint.tests.downstream.test_check_full_font_name_begins_with_family_name.CheckFullFontNameBeginsWithFamilyName.test_check_full_font_name_begins_with_family_name(): OK
### Optimize TTF Monda-Bold.ttf
$ ls -l 'Monda-Bold.ttf'* # look at the size savings of that subset process
Monda-Bold.ttf.opt: 28904 bytes
Monda-Bold.ttf: 32880 bytes
$ mv /home/travis/build/fontdirectory/monda/builds/build/Monda-Bold.ttf.opt /home/travis/build/fontdirectory/monda/builds/build/Monda-Bold.ttf
### Autohint TTFs (ttfautohint) Monda-Bold.ttf
$ ttfautohint -l 7 -r 28 -G 50 -x 13 -w "G" /home/travis/build/fontdirectory/monda/builds/build/Monda-Bold.ttf '/home/travis/build/fontdirectory/monda/builds/build/Monda-Bold.autohint.ttf'

$ ls -l /home/travis/build/fontdirectory/monda/builds/build/Monda-Bold.*ttf # look at the size savings of that subset process
/home/travis/build/fontdirectory/monda/builds/build/Monda-Bold.ttf: 28904 bytes
/home/travis/build/fontdirectory/monda/builds/build/Monda-Bold.autohint.ttf: 48180 bytes
$ mv /home/travis/build/fontdirectory/monda/builds/build/Monda-Bold.autohint.ttf /home/travis/build/fontdirectory/monda/builds/build/Monda-Bold.ttf
### Subset TTFs (pyftsubset) Monda-Bold.ttf
$ pyftsubset Monda-Bold.latin
$ pyftsubset Monda-Bold.menu
strippedname:/home/travis/build/fontdirectory/monda/builds/build/Monda-Bold.ttf
spaceWidth is    516
nbspWidth is     349
Monda-Bold.ttf.fix made with spaceWidth and nbspWidth of 516
$ fontbakery-build-font2ttf.py sources/Monda-Regular.sfd Monda-Regular.ttf
Success: Generated OpenType-TTF (/home/travis/build/fontdirectory/monda/builds/build/Monda-Regular.ttf)
### Test Monda-Regular.ttf
$ fontbakery-check.py result Monda-Regular.ttf
bakery_lint.tests.downstream.test_check_license_included.CheckLicenseIncluded.test_license_included_in_font_names(): OK
bakery_lint.tests.downstream.test_check_unused_glyph_data.CheckUnusedGlyphData.test_check_unused_glyph_data(): ERROR
The following table(s) in the font have been ignored by FontForge
  Ignoring 'DSIG' digital signature table
The glyph named Delta is mapped to U+0394.
But its name indicates it should be mapped to U+2206.
bakery_lint.tests.downstream.test_fontforge_validation_state.FontForgeValidateStateTest.test_allowed_numbers_paths_in_composite_glyphs(): OK
bakery_lint.tests.downstream.test_fontforge_validation_state.FontForgeValidateStateTest.test_allowed_numbers_paths_in_glyphs(): OK
bakery_lint.tests.downstream.test_fontforge_validation_state.FontForgeValidateStateTest.test_allowed_numbers_points_in_composite_glyphs(): OK
bakery_lint.tests.downstream.test_fontforge_validation_state.FontForgeValidateStateTest.test_allowed_numbers_points_in_glyphs(): OK
bakery_lint.tests.downstream.test_fontforge_validation_state.FontForgeValidateStateTest.test_duplicate_glyphs(): OK
bakery_lint.tests.downstream.test_fontforge_validation_state.FontForgeValidateStateTest.test_duplicate_unicode_codepoints(): OK
bakery_lint.tests.downstream.test_fontforge_validation_state.FontForgeValidateStateTest.test_flipped_reference_in_glyphs(): OK
bakery_lint.tests.downstream.test_fontforge_validation_state.FontForgeValidateStateTest.test_missing_anchors(): OK
bakery_lint.tests.downstream.test_fontforge_validation_state.FontForgeValidateStateTest.test_missing_extrema_in_glyphs(): OK
bakery_lint.tests.downstream.test_fontforge_validation_state.FontForgeValidateStateTest.test_overlapped_hints(): OK
bakery_lint.tests.downstream.test_fontforge_validation_state.FontForgeValidateStateTest.test_points_are_integer_aligned(): OK
bakery_lint.tests.downstream.test_fontforge_validation_state.FontForgeValidateStateTest.test_points_are_not_too_far_apart(): OK
bakery_lint.tests.downstream.test_fontforge_validation_state.FontForgeValidateStateTest.test_postscript_hasnt_limit_hints_in_glyphs(): OK
bakery_lint.tests.downstream.test_fontforge_validation_state.FontForgeValidateStateTest.test_postscript_hasnt_limit_points_in_glyphs(): OK
bakery_lint.tests.downstream.test_fontforge_validation_state.FontForgeValidateStateTest.test_referenced_glyphs_are_present(): OK
bakery_lint.tests.downstream.test_fontforge_validation_state.FontForgeValidateStateTest.test_valid_glyph_names(): OK
bakery_lint.tests.downstream.test_fontforge_validation_state.FontForgeValidateStateTest.test_valid_length_instructions(): OK
bakery_lint.tests.downstream.test_fontforge_validation_state.FontForgeValidateStateTest.test_validation_glyph_intersect(): FAIL
bakery_lint.tests.downstream.test_fontforge_validation_state.FontForgeValidateStateTest.test_validation_open_contours(): OK
bakery_lint.tests.downstream.test_fontforge_validation_state.FontForgeValidateStateTest.test_wrong_direction_in_glyphs(): OK
bakery_lint.tests.downstream.test_check_glyf_table_length.CheckGlyfTableLength.test_check_glyf_table_length(): FAIL
bakery_lint.tests.downstream.test_check_name_table_recommendation.CheckStyleNameRecommendation.test_check_stylename_is_under_recommendations(): OK
bakery_lint.tests.downstream.test_check_name_table_recommendation.CheckOTFamilyNameRecommendation.test_check_opentype_familyname(): OK
bakery_lint.tests.downstream.test_check_name_table_recommendation.CheckOTStyleNameRecommendation.test_check_opentype_stylename(): OK
bakery_lint.tests.downstream.test_check_name_table_recommendation.CheckOTFullNameRecommendation.test_check_opentype_fullname(): FAIL
$ fontbakery-fix-opentype-names.py /home/travis/build/fontdirectory/monda/builds/build/Monda-Regular.ttf
$ mv /home/travis/build/fontdirectory/monda/builds/build/Monda-Regular.ttf.fix /home/travis/build/fontdirectory/monda/builds/build/Monda-Regular.ttf
bakery_lint.tests.downstream.test_check_name_table_recommendation.CheckOTFullNameRecommendation.test_check_opentype_fullname(): OK
bakery_lint.tests.downstream.test_check_names_same_across_platforms.CheckNamesSameAcrossPlatforms.test_check_names_same_across_platforms(): OK
bakery_lint.tests.downstream.test_check_glyph_existence.CheckGlyphExistence.test_euro(): OK
bakery_lint.tests.downstream.test_check_glyph_existence.CheckGlyphExistence.test_nbsp(): OK
bakery_lint.tests.downstream.test_check_glyph_existence.CheckGlyphExistence.test_space(): OK
bakery_lint.tests.downstream.test_check_hmtx_hhea_max_advance_width_agreement.CheckHmtxHheaMaxAdvanceWidthAgreement.test_check_hmtx_hhea_max_advance_width_agreement(): OK
bakery_lint.tests.downstream.test_check_font_agreements.CheckFsTypeIsNotSet.test_is_fstype_not_set(): OK
$ fontbakery-fix-fstype.py --autofix /home/travis/build/fontdirectory/monda/builds/build/Monda-Regular.ttf
$ mv /home/travis/build/fontdirectory/monda/builds/build/Monda-Regular.ttf.fix /home/travis/build/fontdirectory/monda/builds/build/Monda-Regular.ttf
bakery_lint.tests.downstream.test_check_font_agreements.CheckFontAgreements.test_em_is_1000(): FAIL
bakery_lint.tests.downstream.test_check_font_agreements.CheckFontAgreements.test_font_is_font(): OK
bakery_lint.tests.downstream.test_check_font_agreements.CheckFontAgreements.test_latin_file_exists(): OK
bakery_lint.tests.downstream.test_check_font_agreements.CheckFontAgreements.test_menu_file_exists(): OK
bakery_lint.tests.downstream.test_check_nbsp_width_matches_sp_width.CheckNbspWidthMatchesSpWidth.test_check_nbsp_width_matches_sp_width(): OK
bakery_lint.tests.downstream.test_gasp_table_value.CheckGaspTableType.test_check_gasp_table_type(): FAIL
$ fontbakery-fix-gasp.py --set=15 /home/travis/build/fontdirectory/monda/builds/build/Monda-Regular.ttf
$ mv /home/travis/build/fontdirectory/monda/builds/build/Monda-Regular.ttf.fix /home/travis/build/fontdirectory/monda/builds/build/Monda-Regular.ttf
bakery_lint.tests.downstream.test_gasp_table_value.CheckGaspTableType.test_check_gasp_table_type(): OK
$ fontbakery-fix-gasp.py --set=15 /home/travis/build/fontdirectory/monda/builds/build/Monda-Regular.ttf
$ mv /home/travis/build/fontdirectory/monda/builds/build/Monda-Regular.ttf.fix /home/travis/build/fontdirectory/monda/builds/build/Monda-Regular.ttf
bakery_lint.tests.downstream.test_check_vertical_metrics.CheckVerticalLinegapMetrics.test_metrics_linegaps_are_zero(): OK
bakery_lint.tests.downstream.test_check_vertical_metrics.CheckVerticalAscentMetrics.test_metrics_ascents_equal_bbox(): FAIL
$ fontbakery-fix-vertical-metrics.py --autofix /home/travis/build/fontdirectory/monda/builds/build/Monda-Bold.ttf /home/travis/build/fontdirectory/monda/builds/build/Monda-Regular-TTF.ttf /home/travis/build/fontdirectory/monda/builds/build/MondaBold-Regular.ttf /home/travis/build/fontdirectory/monda/builds/build/Monda-Regular.ttf
$ mv /home/travis/build/fontdirectory/monda/builds/build/Monda-Bold.ttf.fix /home/travis/build/fontdirectory/monda/builds/build/Monda-Bold.ttf
$ mv /home/travis/build/fontdirectory/monda/builds/build/Monda-Regular-TTF.ttf.fix /home/travis/build/fontdirectory/monda/builds/build/Monda-Regular-TTF.ttf
$ mv /home/travis/build/fontdirectory/monda/builds/build/MondaBold-Regular.ttf.fix /home/travis/build/fontdirectory/monda/builds/build/MondaBold-Regular.ttf
$ mv /home/travis/build/fontdirectory/monda/builds/build/Monda-Regular.ttf.fix /home/travis/build/fontdirectory/monda/builds/build/Monda-Regular.ttf
$ fontbakery-fix-vertical-metrics.py /home/travis/build/fontdirectory/monda/builds/build/Monda-Bold.ttf /home/travis/build/fontdirectory/monda/builds/build/Monda-Regular-TTF.ttf /home/travis/build/fontdirectory/monda/builds/build/MondaBold-Regular.ttf /home/travis/build/fontdirectory/monda/builds/build/Monda-Regular.ttf
Parameter              Monda-Bold.ttf    Monda-Regular-TTF.ttf    MondaBold-Regular.ttf    Monda-Regular.ttf    
ymax                   2440              2106                     2440                     2106                 
hhea.ascent            2440              2440                     2440                     2440                 
OS/2.sTypoAscender     2440              2440                     2440                     2440                 
OS/2.usWinAscent       2440              2440                     2440                     2440                 
ymin                   -854              -756                     -854                     -756                 
hhea.descent           -854              -854                     -854                     -854                 
OS/2.sTypoDescender    -854              -854                     -854                     -854                 
OS/2.usWinDescent      854               854                      854                      854                  
hhea.lineGap           0                 0                        0                        0                    
OS/2.sTypoLineGap      0                 0                        0                        0                    
hhea total             3294              3294                     3294                     3294                 
typo total             3294              3294                     3294                     3294                 
win total              3294              3294                     3294                     3294                 
UPM:Heights            2048:3294         2048:2862                2048:3294                2048:2862            
UPM:Heights %          160 %             139 %                    160 %                    139 %                


bakery_lint.tests.downstream.test_check_vertical_metrics.CheckVerticalAscentMetrics.test_metrics_ascents_equal_bbox(): OK
bakery_lint.tests.downstream.test_check_vertical_metrics.CheckVerticalDescentMetrics.test_metrics_descents_equal_bbox(): OK
bakery_lint.tests.downstream.test_check_unencoded_glyph.TestFontUnencodedGlyph.test_font_unencoded_glyphs(): FAIL
$ fontbakery-fix-glyph-private-encoding.py --autofix /home/travis/build/fontdirectory/monda/builds/build/Monda-Regular.ttf
$ mv /home/travis/build/fontdirectory/monda/builds/build/Monda-Regular.ttf.fix /home/travis/build/fontdirectory/monda/builds/build/Monda-Regular.ttf
bakery_lint.tests.downstream.test_check_unencoded_glyph.TestFontUnencodedGlyph.test_font_unencoded_glyphs(): FAIL
bakery_lint.tests.downstream.test_check_os2_width_class.CheckOS2WidthClass.test_check_os2_width_class(): OK
bakery_lint.tests.downstream.test_check_font_tables.CheckFontHasDsigTable.test_check_font_has_dsig_table(): OK
bakery_lint.tests.downstream.test_check_font_tables.CheckFontHasNotKernTable.test_no_kern_table_exists(): OK
bakery_lint.tests.downstream.test_check_panose_identification.CheckPanoseIdentification.test_check_panose_identification(): OK
bakery_lint.tests.downstream.test_gpos_table_has_kerning_info.CheckGposTableHasKerningInfo.test_gpos_table_has_kerning_info(): ERROR
bakery_lint.tests.downstream.test_check_upm_heights_less_120.TestCheckUPMHeightsLess120.test_check_upm_heigths_less_120(): FAIL
bakery_lint.tests.downstream.test_check_italic_angle_agreement.CheckItalicAngleAgreement.test_check_italic_angle_agreement(): OK
bakery_lint.tests.downstream.test_check_no_problematic_formats.CheckNoProblematicFormats.test_check_no_problematic_formats(): OK
bakery_lint.tests.downstream.test_check_fontname_matches_macstyle.CheckFontNameEqualToMacStyleFlags.test_fontname_is_equal_to_macstyle(): FAIL
bakery_lint.tests.downstream.test_names_are_ascii_only.CheckNamesAreASCIIOnly.test_check_names_are_ascii_only(): OK
bakery_lint.tests.downstream.test_check_magic_prep_code.CheckMagicPREPByteCode.test_prep_magic_code(): FAIL
bakery_lint.tests.downstream.test_check_full_font_name_begins_with_family_name.CheckFullFontNameBeginsWithFamilyName.test_check_full_font_name_begins_with_family_name(): OK
### Optimize TTF Monda-Regular.ttf
$ ls -l 'Monda-Regular.ttf'* # look at the size savings of that subset process
Monda-Regular.ttf.opt: 29196 bytes
Monda-Regular.ttf: 33292 bytes
$ mv /home/travis/build/fontdirectory/monda/builds/build/Monda-Regular.ttf.opt /home/travis/build/fontdirectory/monda/builds/build/Monda-Regular.ttf
### Autohint TTFs (ttfautohint) Monda-Regular.ttf
$ ttfautohint -l 7 -r 28 -G 50 -x 13 -w "G" /home/travis/build/fontdirectory/monda/builds/build/Monda-Regular.ttf '/home/travis/build/fontdirectory/monda/builds/build/Monda-Regular.autohint.ttf'

$ ls -l /home/travis/build/fontdirectory/monda/builds/build/Monda-Regular.*ttf # look at the size savings of that subset process
/home/travis/build/fontdirectory/monda/builds/build/Monda-Regular.ttf: 29196 bytes
/home/travis/build/fontdirectory/monda/builds/build/Monda-Regular.autohint.ttf: 45108 bytes
$ mv /home/travis/build/fontdirectory/monda/builds/build/Monda-Regular.autohint.ttf /home/travis/build/fontdirectory/monda/builds/build/Monda-Regular.ttf
### Subset TTFs (pyftsubset) Monda-Regular.ttf
$ pyftsubset Monda-Regular.latin
$ pyftsubset Monda-Regular.menu
strippedname:/home/travis/build/fontdirectory/monda/builds/build/Monda-Regular.ttf
$ fontbakery-build-font2ttf.py sources/Monda-Bold-TTF.sfd Monda-Bold-TTF.ttf
Success: Generated OpenType-TTF (/home/travis/build/fontdirectory/monda/builds/build/Monda-Bold-TTF.ttf)
### Test Monda-Bold-TTF.ttf
$ fontbakery-check.py result Monda-Bold-TTF.ttf
bakery_lint.tests.downstream.test_check_license_included.CheckLicenseIncluded.test_license_included_in_font_names(): OK
bakery_lint.tests.downstream.test_check_unused_glyph_data.CheckUnusedGlyphData.test_check_unused_glyph_data(): ERROR
The following table(s) in the font have been ignored by FontForge
  Ignoring 'DSIG' digital signature table
The glyph named mu is mapped to U+03BC.
But its name indicates it should be mapped to U+00B5.
bakery_lint.tests.downstream.test_fontforge_validation_state.FontForgeValidateStateTest.test_allowed_numbers_paths_in_composite_glyphs(): OK
bakery_lint.tests.downstream.test_fontforge_validation_state.FontForgeValidateStateTest.test_allowed_numbers_paths_in_glyphs(): OK
bakery_lint.tests.downstream.test_fontforge_validation_state.FontForgeValidateStateTest.test_allowed_numbers_points_in_composite_glyphs(): OK
bakery_lint.tests.downstream.test_fontforge_validation_state.FontForgeValidateStateTest.test_allowed_numbers_points_in_glyphs(): OK
bakery_lint.tests.downstream.test_fontforge_validation_state.FontForgeValidateStateTest.test_duplicate_glyphs(): OK
bakery_lint.tests.downstream.test_fontforge_validation_state.FontForgeValidateStateTest.test_duplicate_unicode_codepoints(): OK
bakery_lint.tests.downstream.test_fontforge_validation_state.FontForgeValidateStateTest.test_flipped_reference_in_glyphs(): OK
bakery_lint.tests.downstream.test_fontforge_validation_state.FontForgeValidateStateTest.test_missing_anchors(): OK
bakery_lint.tests.downstream.test_fontforge_validation_state.FontForgeValidateStateTest.test_missing_extrema_in_glyphs(): FAIL
bakery_lint.tests.downstream.test_fontforge_validation_state.FontForgeValidateStateTest.test_overlapped_hints(): OK
bakery_lint.tests.downstream.test_fontforge_validation_state.FontForgeValidateStateTest.test_points_are_integer_aligned(): OK
bakery_lint.tests.downstream.test_fontforge_validation_state.FontForgeValidateStateTest.test_points_are_not_too_far_apart(): OK
bakery_lint.tests.downstream.test_fontforge_validation_state.FontForgeValidateStateTest.test_postscript_hasnt_limit_hints_in_glyphs(): OK
bakery_lint.tests.downstream.test_fontforge_validation_state.FontForgeValidateStateTest.test_postscript_hasnt_limit_points_in_glyphs(): OK
bakery_lint.tests.downstream.test_fontforge_validation_state.FontForgeValidateStateTest.test_referenced_glyphs_are_present(): OK
bakery_lint.tests.downstream.test_fontforge_validation_state.FontForgeValidateStateTest.test_valid_glyph_names(): OK
bakery_lint.tests.downstream.test_fontforge_validation_state.FontForgeValidateStateTest.test_valid_length_instructions(): OK
bakery_lint.tests.downstream.test_fontforge_validation_state.FontForgeValidateStateTest.test_validation_glyph_intersect(): FAIL
bakery_lint.tests.downstream.test_fontforge_validation_state.FontForgeValidateStateTest.test_validation_open_contours(): OK
bakery_lint.tests.downstream.test_fontforge_validation_state.FontForgeValidateStateTest.test_wrong_direction_in_glyphs(): OK
bakery_lint.tests.downstream.test_check_glyf_table_length.CheckGlyfTableLength.test_check_glyf_table_length(): FAIL
bakery_lint.tests.downstream.test_check_name_table_recommendation.CheckStyleNameRecommendation.test_check_stylename_is_under_recommendations(): OK
bakery_lint.tests.downstream.test_check_name_table_recommendation.CheckOTFamilyNameRecommendation.test_check_opentype_familyname(): FAIL
$ fontbakery-fix-opentype-names.py /home/travis/build/fontdirectory/monda/builds/build/Monda-Bold-TTF.ttf
$ mv /home/travis/build/fontdirectory/monda/builds/build/Monda-Bold-TTF.ttf.fix /home/travis/build/fontdirectory/monda/builds/build/Monda-Bold-TTF.ttf
bakery_lint.tests.downstream.test_check_name_table_recommendation.CheckOTFamilyNameRecommendation.test_check_opentype_familyname(): OK
bakery_lint.tests.downstream.test_check_name_table_recommendation.CheckOTStyleNameRecommendation.test_check_opentype_stylename(): OK
bakery_lint.tests.downstream.test_check_name_table_recommendation.CheckOTFullNameRecommendation.test_check_opentype_fullname(): OK
bakery_lint.tests.downstream.test_check_names_same_across_platforms.CheckNamesSameAcrossPlatforms.test_check_names_same_across_platforms(): FAIL
bakery_lint.tests.downstream.test_check_glyph_existence.CheckGlyphExistence.test_euro(): OK
bakery_lint.tests.downstream.test_check_glyph_existence.CheckGlyphExistence.test_nbsp(): OK
bakery_lint.tests.downstream.test_check_glyph_existence.CheckGlyphExistence.test_space(): OK
bakery_lint.tests.downstream.test_check_hmtx_hhea_max_advance_width_agreement.CheckHmtxHheaMaxAdvanceWidthAgreement.test_check_hmtx_hhea_max_advance_width_agreement(): OK
bakery_lint.tests.downstream.test_check_font_agreements.CheckFsTypeIsNotSet.test_is_fstype_not_set(): OK
$ fontbakery-fix-fstype.py --autofix /home/travis/build/fontdirectory/monda/builds/build/Monda-Bold-TTF.ttf
$ mv /home/travis/build/fontdirectory/monda/builds/build/Monda-Bold-TTF.ttf.fix /home/travis/build/fontdirectory/monda/builds/build/Monda-Bold-TTF.ttf
bakery_lint.tests.downstream.test_check_font_agreements.CheckFontAgreements.test_em_is_1000(): FAIL
bakery_lint.tests.downstream.test_check_font_agreements.CheckFontAgreements.test_font_is_font(): OK
bakery_lint.tests.downstream.test_check_font_agreements.CheckFontAgreements.test_latin_file_exists(): FAIL
bakery_lint.tests.downstream.test_check_font_agreements.CheckFontAgreements.test_menu_file_exists(): FAIL
bakery_lint.tests.downstream.test_check_nbsp_width_matches_sp_width.CheckNbspWidthMatchesSpWidth.test_check_nbsp_width_matches_sp_width(): FAIL
$ fontbakery-fix-nbsp.py /home/travis/build/fontdirectory/monda/builds/build/Monda-Bold-TTF.ttf
$ mv /home/travis/build/fontdirectory/monda/builds/build/Monda-Bold-TTF.ttf.fix /home/travis/build/fontdirectory/monda/builds/build/Monda-Bold-TTF.ttf
bakery_lint.tests.downstream.test_check_nbsp_width_matches_sp_width.CheckNbspWidthMatchesSpWidth.test_check_nbsp_width_matches_sp_width(): OK
bakery_lint.tests.downstream.test_gasp_table_value.CheckGaspTableType.test_check_gasp_table_type(): FAIL
$ fontbakery-fix-gasp.py --set=15 /home/travis/build/fontdirectory/monda/builds/build/Monda-Bold-TTF.ttf
$ mv /home/travis/build/fontdirectory/monda/builds/build/Monda-Bold-TTF.ttf.fix /home/travis/build/fontdirectory/monda/builds/build/Monda-Bold-TTF.ttf
bakery_lint.tests.downstream.test_gasp_table_value.CheckGaspTableType.test_check_gasp_table_type(): OK
$ fontbakery-fix-gasp.py --set=15 /home/travis/build/fontdirectory/monda/builds/build/Monda-Bold-TTF.ttf
$ mv /home/travis/build/fontdirectory/monda/builds/build/Monda-Bold-TTF.ttf.fix /home/travis/build/fontdirectory/monda/builds/build/Monda-Bold-TTF.ttf
bakery_lint.tests.downstream.test_check_vertical_metrics.CheckVerticalLinegapMetrics.test_metrics_linegaps_are_zero(): OK
bakery_lint.tests.downstream.test_check_vertical_metrics.CheckVerticalAscentMetrics.test_metrics_ascents_equal_bbox(): FAIL
$ fontbakery-fix-vertical-metrics.py --autofix /home/travis/build/fontdirectory/monda/builds/build/Monda-Bold.ttf /home/travis/build/fontdirectory/monda/builds/build/Monda-Regular-TTF.ttf /home/travis/build/fontdirectory/monda/builds/build/MondaBold-Regular.ttf /home/travis/build/fontdirectory/monda/builds/build/Monda-Regular.ttf /home/travis/build/fontdirectory/monda/builds/build/Monda-Bold-TTF.ttf
$ mv /home/travis/build/fontdirectory/monda/builds/build/Monda-Bold.ttf.fix /home/travis/build/fontdirectory/monda/builds/build/Monda-Bold.ttf
$ mv /home/travis/build/fontdirectory/monda/builds/build/Monda-Regular-TTF.ttf.fix /home/travis/build/fontdirectory/monda/builds/build/Monda-Regular-TTF.ttf
$ mv /home/travis/build/fontdirectory/monda/builds/build/MondaBold-Regular.ttf.fix /home/travis/build/fontdirectory/monda/builds/build/MondaBold-Regular.ttf
$ mv /home/travis/build/fontdirectory/monda/builds/build/Monda-Regular.ttf.fix /home/travis/build/fontdirectory/monda/builds/build/Monda-Regular.ttf
$ mv /home/travis/build/fontdirectory/monda/builds/build/Monda-Bold-TTF.ttf.fix /home/travis/build/fontdirectory/monda/builds/build/Monda-Bold-TTF.ttf
$ fontbakery-fix-vertical-metrics.py /home/travis/build/fontdirectory/monda/builds/build/Monda-Bold.ttf /home/travis/build/fontdirectory/monda/builds/build/Monda-Regular-TTF.ttf /home/travis/build/fontdirectory/monda/builds/build/MondaBold-Regular.ttf /home/travis/build/fontdirectory/monda/builds/build/Monda-Regular.ttf /home/travis/build/fontdirectory/monda/builds/build/Monda-Bold-TTF.ttf
Parameter              Monda-Bold.ttf    Monda-Regular-TTF.ttf    MondaBold-Regular.ttf    Monda-Regular.ttf    Monda-Bold-TTF.ttf    
ymax                   2440              2106                     2440                     2106                 2461                  
hhea.ascent            2461              2461                     2461                     2461                 2461                  
OS/2.sTypoAscender     2461              2461                     2461                     2461                 2461                  
OS/2.usWinAscent       2461              2461                     2461                     2461                 2461                  
ymin                   -854              -756                     -854                     -756                 -875                  
hhea.descent           -875              -875                     -875                     -875                 -875                  
OS/2.sTypoDescender    -875              -875                     -875                     -875                 -875                  
OS/2.usWinDescent      875               875                      875                      875                  875                   
hhea.lineGap           0                 0                        0                        0                    0                     
OS/2.sTypoLineGap      0                 0                        0                        0                    0                     
hhea total             3336              3336                     3336                     3336                 3336                  
typo total             3336              3336                     3336                     3336                 3336                  
win total              3336              3336                     3336                     3336                 3336                  
UPM:Heights            2048:3294         2048:2862                2048:3294                2048:2862            2048:3336             
UPM:Heights %          160 %             139 %                    160 %                    139 %                162 %                 


bakery_lint.tests.downstream.test_check_vertical_metrics.CheckVerticalAscentMetrics.test_metrics_ascents_equal_bbox(): OK
bakery_lint.tests.downstream.test_check_vertical_metrics.CheckVerticalDescentMetrics.test_metrics_descents_equal_bbox(): OK
bakery_lint.tests.downstream.test_check_unencoded_glyph.TestFontUnencodedGlyph.test_font_unencoded_glyphs(): FAIL
$ fontbakery-fix-glyph-private-encoding.py --autofix /home/travis/build/fontdirectory/monda/builds/build/Monda-Bold-TTF.ttf
$ mv /home/travis/build/fontdirectory/monda/builds/build/Monda-Bold-TTF.ttf.fix /home/travis/build/fontdirectory/monda/builds/build/Monda-Bold-TTF.ttf
bakery_lint.tests.downstream.test_check_unencoded_glyph.TestFontUnencodedGlyph.test_font_unencoded_glyphs(): FAIL
bakery_lint.tests.downstream.test_check_os2_width_class.CheckOS2WidthClass.test_check_os2_width_class(): OK
bakery_lint.tests.downstream.test_check_font_tables.CheckFontHasDsigTable.test_check_font_has_dsig_table(): OK
bakery_lint.tests.downstream.test_check_font_tables.CheckFontHasNotKernTable.test_no_kern_table_exists(): OK
bakery_lint.tests.downstream.test_check_panose_identification.CheckPanoseIdentification.test_check_panose_identification(): OK
bakery_lint.tests.downstream.test_gpos_table_has_kerning_info.CheckGposTableHasKerningInfo.test_gpos_table_has_kerning_info(): OK
bakery_lint.tests.downstream.test_check_upm_heights_less_120.TestCheckUPMHeightsLess120.test_check_upm_heigths_less_120(): FAIL
bakery_lint.tests.downstream.test_check_italic_angle_agreement.CheckItalicAngleAgreement.test_check_italic_angle_agreement(): OK
bakery_lint.tests.downstream.test_check_no_problematic_formats.CheckNoProblematicFormats.test_check_no_problematic_formats(): OK
bakery_lint.tests.downstream.test_check_fontname_matches_macstyle.CheckFontNameEqualToMacStyleFlags.test_fontname_is_equal_to_macstyle(): FAIL
bakery_lint.tests.downstream.test_names_are_ascii_only.CheckNamesAreASCIIOnly.test_check_names_are_ascii_only(): OK
bakery_lint.tests.downstream.test_check_magic_prep_code.CheckMagicPREPByteCode.test_prep_magic_code(): FAIL
bakery_lint.tests.downstream.test_check_full_font_name_begins_with_family_name.CheckFullFontNameBeginsWithFamilyName.test_check_full_font_name_begins_with_family_name(): OK
### Optimize TTF Monda-Bold-TTF.ttf
$ ls -l 'Monda-Bold-TTF.ttf'* # look at the size savings of that subset process
Monda-Bold-TTF.ttf.opt: 28012 bytes
Monda-Bold-TTF.ttf: 32000 bytes
$ mv /home/travis/build/fontdirectory/monda/builds/build/Monda-Bold-TTF.ttf.opt /home/travis/build/fontdirectory/monda/builds/build/Monda-Bold-TTF.ttf
### Autohint TTFs (ttfautohint) Monda-Bold-TTF.ttf
$ ttfautohint -l 7 -r 28 -G 50 -x 13 -w "G" /home/travis/build/fontdirectory/monda/builds/build/Monda-Bold-TTF.ttf '/home/travis/build/fontdirectory/monda/builds/build/Monda-Bold-TTF.autohint.ttf'

$ ls -l /home/travis/build/fontdirectory/monda/builds/build/Monda-Bold-TTF.*ttf # look at the size savings of that subset process
/home/travis/build/fontdirectory/monda/builds/build/Monda-Bold-TTF.ttf: 28012 bytes
/home/travis/build/fontdirectory/monda/builds/build/Monda-Bold-TTF.autohint.ttf: 47016 bytes
$ mv /home/travis/build/fontdirectory/monda/builds/build/Monda-Bold-TTF.autohint.ttf /home/travis/build/fontdirectory/monda/builds/build/Monda-Bold-TTF.ttf
### Subset TTFs (pyftsubset) Monda-Bold-TTF.ttf
$ pyftsubset Monda-Bold-TTF.latin
$ pyftsubset Monda-Bold-TTF.menu
strippedname:/home/travis/build/fontdirectory/monda/builds/build/Monda-Bold-TTF.ttf
spaceWidth is    516
nbspWidth is     349
Monda-Bold-TTF.ttf.fix made with spaceWidth and nbspWidth of 516
### (5 of 6) Generate METADATA.json (fontbakery-build-metadata.py)
$ fontbakery-build-metadata.py /home/travis/build/fontdirectory/monda/builds/build
{} exists
Designer's name from font is: Vernon Adams
Original size: 91156\nGzip size: 39240
Family Name: Monda
PS Name: Monda-Bold
Full Name: Monda Bold
Style: normal
Weight: 700
Filename: Monda-Bold.ttf
Copyright: Copyright (c) 2011-12 by vernon adams. All rights reserved.
Family Name: Monda
PS Name: Monda-Regular
Full Name: Monda Regular
Style: normal
Weight: 400
Filename: Monda-Regular-TTF.ttf
Copyright: Copyright (c) 2011-12 by vernon adams. All rights reserved.
Family Name: Monda
PS Name: Monda-Bold
Full Name: Monda Bold
Style: normal
Weight: 700
Filename: MondaBold-Regular.ttf
Copyright: Copyright (c) 2011-12 by vernon adams. All rights reserved.
Family Name: Monda
PS Name: Monda-Regular
Full Name: Monda Regular
Style: normal
Weight: 400
Filename: Monda-Regular.ttf
Copyright: Copyright (c) 2011-12 by vernon adams. All rights reserved.
Family Name: Monda
PS Name: Monda-Bold
Full Name: Monda Bold
Style: normal
Weight: 700
Filename: Monda-Bold-TTF.ttf
Copyright: Copyright (c) 2011-12 by vernon adams. All rights reserved.
### (6 of 6) Run tests for METADATA.json
$ fontbakery-check.py metadata METADATA.json
bakery_lint.tests.metadata_test.MetadataSubsetsListTest.test_charset_latin(): OK
bakery_lint.tests.metadata_test.MetadataSubsetsListTest.test_charset_latin_ext(): FAIL
bakery_lint.tests.metadata_test.MetadataSubsetsListTest.test_charset_menu(): OK
bakery_lint.tests.metadata_test.MetadataTest.test_description_is_more_than_500b(): FAIL
bakery_lint.tests.metadata_test.MetadataTest.test_description_is_valid_html(): OK
bakery_lint.tests.metadata_test.MetadataTest.test_does_not_familyName_exist_in_daltonmaag_catalogue(): FAIL
bakery_lint.tests.metadata_test.MetadataTest.test_does_not_familyName_exist_in_fontbureau_catalogue(): OK
bakery_lint.tests.metadata_test.MetadataTest.test_does_not_familyName_exist_in_fontscom_catalogue(): FAIL
bakery_lint.tests.metadata_test.MetadataTest.test_does_not_familyName_exist_in_fontshop_catalogue(): FAIL
bakery_lint.tests.metadata_test.MetadataTest.test_does_not_familyName_exist_in_fontsmith_catalogue(): FAIL
bakery_lint.tests.metadata_test.MetadataTest.test_does_not_familyName_exist_in_houseind_catalogue(): OK
bakery_lint.tests.metadata_test.MetadataTest.test_does_not_familyName_exist_in_myfonts_catalogue(): OK
bakery_lint.tests.metadata_test.MetadataTest.test_does_not_familyName_exist_in_veer_catalogue(): OK
bakery_lint.tests.metadata_test.MetadataTest.test_family_is_listed_in_gwf(): FAIL
bakery_lint.tests.metadata_test.MetadataTest.test_metadata_atleast_latin_menu_subsets_exist(): OK
/home/travis/virtualenv/python2.7.8/lib/python2.7/site-packages/bakery_lint/tests/metadata_test.py:141: UnicodeWarning: Unicode equal comparison failed to convert both arguments to Unicode - interpreting them as being unequal
  self.assertTrue(designer in designers,
bakery_lint.tests.metadata_test.MetadataTest.test_metadata_designer_exists_in_profiles_csv(): OK
bakery_lint.tests.metadata_test.MetadataTest.test_metadata_fonts_items_dicts(): OK
bakery_lint.tests.metadata_test.MetadataTest.test_metadata_fonts_key_list(): OK
bakery_lint.tests.metadata_test.MetadataTest.test_metadata_fonts_no_dupes(): OK
bakery_lint.tests.metadata_test.MetadataTest.test_metadata_has_unique_style_weight_pairs(): OK
bakery_lint.tests.metadata_test.MetadataTest.test_metadata_keys(): OK
bakery_lint.tests.metadata_test.MetadataTest.test_metadata_license(): OK
bakery_lint.tests.metadata_test.MetadataTest.test_metadata_no_unknown_top_keys(): OK
bakery_lint.tests.metadata_test.MetadataTest.test_metadata_subsets_key_list(): OK
bakery_lint.tests.metadata_test.MetadataTest.test_metadata_top_keys_types(): OK
bakery_lint.tests.downstream.test_check_canonical_filenames.CheckCanonicalFilenames.test_check_canonical_filenames(): OK
bakery_lint.tests.downstream.test_check_text_files_exist.CheckTextFilesExist.test_copyrighttxt_exists(): FAIL
bakery_lint.tests.downstream.test_check_text_files_exist.CheckTextFilesExist.test_description_exists(): OK
bakery_lint.tests.downstream.test_check_text_files_exist.CheckTextFilesExist.test_fontlogtxt_exists(): OK
bakery_lint.tests.downstream.test_check_text_files_exist.CheckTextFilesExist.test_licensetxt_exists(): FAIL
bakery_lint.tests.downstream.test_metadata_agreements.TestFontOnDiskFamilyEqualToMetadataJSON.test_font_on_disk_family_equal_in_metadata_json(): FAIL
bakery_lint.tests.downstream.test_metadata_agreements.TestPostScriptNameInMetadataEqualFontOnDisk.test_postscriptname_in_metadata_equal_to_font_on_disk(): OK
bakery_lint.tests.downstream.test_metadata_agreements.CheckMetadataAgreements.test_font_name_matches_family(): FAIL
bakery_lint.tests.downstream.test_metadata_agreements.CheckMetadataAgreements.test_metadata_family_values_are_all_the_same(): OK
bakery_lint.tests.downstream.test_metadata_agreements.CheckMetadataAgreements.test_metadata_filename_matches_postscriptname(): OK
bakery_lint.tests.downstream.test_metadata_agreements.CheckMetadataAgreements.test_metadata_font_have_regular(): OK
bakery_lint.tests.downstream.test_metadata_agreements.CheckMetadataAgreements.test_metadata_fonts_fields_have_fontname(): FAIL
bakery_lint.tests.downstream.test_metadata_agreements.CheckMetadataAgreements.test_metadata_fullname_is_equal_to_internal_font_fullname(): OK
bakery_lint.tests.downstream.test_metadata_agreements.CheckMetadataAgreements.test_metadata_fullname_matches_postScriptName(): OK
bakery_lint.tests.downstream.test_metadata_agreements.CheckMetadataAgreements.test_metadata_regular_is_400(): OK
bakery_lint.tests.downstream.test_metadata_agreements.CheckMetadataAgreements.test_metadata_regular_is_normal(): OK
bakery_lint.tests.downstream.test_check_glyph_consistency.CheckGlyphConsistencyInFamily.test_the_same_encodings_of_glyphs_across_family(): OK
bakery_lint.tests.downstream.test_check_glyph_consistency.CheckGlyphConsistencyInFamily.test_the_same_names_of_glyphs_across_family(): FAIL
bakery_lint.tests.downstream.test_check_glyph_consistency.CheckGlyphConsistencyInFamily.test_the_same_number_of_glyphs_across_family(): FAIL
bakery_lint.tests.downstream.test_check_monospace_agreements.CheckMonospaceAgreement.test_check_monospace_agreement(): OK
bakery_lint.tests.downstream.test_check_menu_contains_proper_glyphs.CheckMenuSubsetContainsProperGlyphs.test_check_menu_contains_proper_glyphs(): FAIL
bakery_lint.tests.downstream.test_check_files_menu_agreements.CheckFontsMenuAgreements.test_menu_file_agreement(): OK
bakery_lint.tests.downstream.test_check_metadata_style_matches_names.CheckItalicStyleMatchesMacStyle.test_check_italic_style_matches_names(): OK
bakery_lint.tests.downstream.test_check_metadata_style_matches_names.CheckNormalStyleMatchesMacStyle.test_check_normal_style_matches_names(): OK
bakery_lint.tests.downstream.test_check_canonical_weights.CheckCanonicalWeights.test_check_canonical_weights(): OK
bakery_lint.tests.downstream.test_check_canonical_weights.CheckPostScriptNameMatchesWeight.test_postscriptname_contains_correct_weight(): OK
bakery_lint.tests.downstream.test_check_canonical_weights.CheckFontWeightSameAsInMetadata.test_font_weight_same_as_in_metadata(): OK
bakery_lint.tests.downstream.test_check_canonical_weights.CheckFullNameEqualCanonicalName.test_metadata_contains_current_font(): OK
bakery_lint.tests.downstream.test_check_metadata_matches_nametable.CheckMetadataMatchesNameTable.test_check_metadata_matches_nametable(): FAIL
bakery_lint.tests.downstream.test_check_canonical_styles.CheckCanonicalStyles.test_check_canonical_styles(): OK
bakery_lint.tests.downstream.test_metadata_font_copyright.CheckMetadataContainsReservedFontName.test_copyright_contains_correct_rfn(): OK
bakery_lint.tests.downstream.test_metadata_font_copyright.CheckMetadataContainsReservedFontName.test_copyright_is_consistent_across_family(): OK
bakery_lint.tests.downstream.test_metadata_font_copyright.CheckMetadataContainsReservedFontName.test_copyright_matches_pattern(): OK
bakery_lint.tests.downstream.test_metadata_font_copyright.CheckMetadataContainsReservedFontName.test_metadata_copyright_size(): OK
bakery_lint.tests.downstream.test_check_subsets_exists.CheckSubsetsExist.test_check_subsets_exists(): FAIL
bakery_lint.tests.downstream.test_check_metadata_fields.CheckMetadataFields.test_check_metadata_fields(): OK
bakery_lint.tests.downstream.test_check_familyname_matches_fontnames.CheckFamilyNameMatchesFontNames.test_check_familyname_matches_fontnames(): OK
bakery_lint.tests.downstream.test_check_font_name_not_in_camelcase.CheckFontNameNotInCamelCase.test_fontname_not_in_camel_case(): OK
{
  "name": "Monda", 
  "designer": "Vernon Adams", 
  "license": "OFL", 
  "visibility": "Sandbox", 
  "category": "Sans Serif", 
  "size": 24841, 
  "fonts": [
    {
      "name": "Monda", 
      "postScriptName": "Monda-Bold", 
      "fullName": "Monda Bold", 
      "style": "normal", 
      "weight": 700, 
      "filename": "Monda-Bold.ttf", 
      "copyright": "Copyright (c) 2011-12 by vernon adams. All rights reserved."
    }, 
    {
      "name": "Monda", 
      "postScriptName": "Monda-Regular", 
      "fullName": "Monda Regular", 
      "style": "normal", 
      "weight": 400, 
      "filename": "Monda-Regular-TTF.ttf", 
      "copyright": "Copyright (c) 2011-12 by vernon adams. All rights reserved."
    }, 
    {
      "name": "Monda", 
      "postScriptName": "Monda-Bold", 
      "fullName": "Monda Bold", 
      "style": "normal", 
      "weight": 700, 
      "filename": "MondaBold-Regular.ttf", 
      "copyright": "Copyright (c) 2011-12 by vernon adams. All rights reserved."
    }, 
    {
      "name": "Monda", 
      "postScriptName": "Monda-Regular", 
      "fullName": "Monda Regular", 
      "style": "normal", 
      "weight": 400, 
      "filename": "Monda-Regular.ttf", 
      "copyright": "Copyright (c) 2011-12 by vernon adams. All rights reserved."
    }, 
    {
      "name": "Monda", 
      "postScriptName": "Monda-Bold", 
      "fullName": "Monda Bold", 
      "style": "normal", 
      "weight": 700, 
      "filename": "Monda-Bold-TTF.ttf", 
      "copyright": "Copyright (c) 2011-12 by vernon adams. All rights reserved."
    }
  ], 
  "subsets": [
    "latin", 
    "menu"
  ], 
  "dateAdded": "2012-11-30"
}
